2026-10-02T07:31:07.4173773Z Current runner version: '2.337.0'
2026-10-02T07:31:07.4208957Z ##[group]Runner Image Provisioner
2026-10-02T07:31:07.4210255Z Hosted Compute Agent
2026-10-02T07:31:07.4211515Z Version: 20260901.588
2026-10-02T07:31:07.4212616Z Commit: f88ec8081b781fac6c440065ac7ff9e710ce3d0b
2026-10-02T07:31:07.4213865Z Build Date: 2026-09-01T19:56:44Z
2026-10-02T07:31:07.4215058Z Worker ID: {bc602229-229b-4932-847d-4e94bd4820d1}
2026-10-02T07:31:07.4216277Z Azure Region: eastus2
2026-10-02T07:31:07.4217333Z ##[endgroup]
2026-10-02T07:31:07.4220288Z ##[group]Operating System
2026-10-02T07:31:07.4221560Z Ubuntu
2026-10-02T07:31:07.4222617Z 24.04.5
2026-10-02T07:31:07.4223480Z LTS
2026-10-02T07:31:07.4224388Z ##[endgroup]
2026-10-02T07:31:07.4225246Z ##[group]Runner Image
2026-10-02T07:31:07.4226296Z Image: ubuntu-24.04
2026-10-02T07:31:07.4227349Z Version: 20260927.320.1
2026-10-02T07:31:07.4229401Z Included Software: https://github.com/actions/runner-images/blob/ubuntu24/20260927.320/images/ubuntu/Ubuntu2404-Readme.md
2026-10-02T07:31:07.4232225Z Image Release: https://github.com/actions/runner-images/releases/tag/ubuntu24%2F20260927.320
2026-10-02T07:31:07.4233313Z ##[endgroup]
2026-10-02T07:31:07.4234500Z ##[group]GITHUB_TOKEN Permissions
2026-10-02T07:31:07.4236723Z Contents: read
2026-10-02T07:31:07.4237352Z Metadata: read
2026-10-02T07:31:07.4237974Z ##[endgroup]
2026-10-02T07:31:07.4240230Z Secret source: Actions
2026-10-02T07:31:07.4241577Z Cache mode: write
2026-10-02T07:31:07.4242790Z Prepare workflow directory
2026-10-02T07:31:07.4576880Z Prepare all required actions
2026-10-02T07:31:07.4624836Z Getting action download info
2026-10-02T07:31:07.7723286Z Download action repository 'actions/checkout@11d5960a326750d5838078e36cf38b85af677262' (SHA:11d5960a326750d5838078e36cf38b85af677262)
2026-10-02T07:31:07.8667379Z Download action repository 'actions/setup-python@a26af69be951a213d495a4c3e4e4022e16d87065' (SHA:a26af69be951a213d495a4c3e4e4022e16d87065)
2026-10-02T07:31:07.9605399Z Download action repository 'actions/cache@0057852bfaa89a56745cba8c7296529d2fc39830' (SHA:0057852bfaa89a56745cba8c7296529d2fc39830)
2026-10-02T07:31:08.0527055Z Download action repository 'actions/upload-artifact@ea165f8d65b6e75b540449e92b4886f43607fa02' (SHA:ea165f8d65b6e75b540449e92b4886f43607fa02)
2026-10-02T07:31:08.2754731Z Complete job name: benchmark
2026-10-02T07:31:08.3568953Z ##[group]Run actions/checkout@11d5960a326750d5838078e36cf38b85af677262
2026-10-02T07:31:08.3570072Z with:
2026-10-02T07:31:08.3570532Z   persist-credentials: false
2026-10-02T07:31:08.3571288Z   repository: Prog-Ramen/RamenSOPs
2026-10-02T07:31:08.3575015Z   token: ***
2026-10-02T07:31:08.3575457Z   ssh-strict: true
2026-10-02T07:31:08.3575907Z   ssh-user: git
2026-10-02T07:31:08.3576334Z   clean: true
2026-10-02T07:31:08.3576793Z   sparse-checkout-cone-mode: true
2026-10-02T07:31:08.3577326Z   fetch-depth: 1
2026-10-02T07:31:08.3577758Z   fetch-tags: false
2026-10-02T07:31:08.3578203Z   show-progress: true
2026-10-02T07:31:08.3578652Z   lfs: false
2026-10-02T07:31:08.3579115Z   submodules: false
2026-10-02T07:31:08.3579577Z   set-safe-directory: true
2026-10-02T07:31:08.3580094Z   allow-unsafe-pr-checkout: false
2026-10-02T07:31:08.3580902Z ##[endgroup]
2026-10-02T07:31:08.4698679Z Syncing repository: Prog-Ramen/RamenSOPs
2026-10-02T07:31:08.4701991Z ##[group]Getting Git version info
2026-10-02T07:31:08.4703362Z Working directory is '/home/runner/work/RamenSOPs/RamenSOPs'
2026-10-02T07:31:08.4705308Z [command]/usr/bin/git version
2026-10-02T07:31:08.4831370Z git version 2.55.0
2026-10-02T07:31:08.4866095Z ##[endgroup]
2026-10-02T07:31:08.4898816Z Temporarily overriding HOME='/home/runner/work/_temp/9b4fd2b3-994d-46dc-b883-0e910a7b92a7' before making global git config changes
2026-10-02T07:31:08.4901611Z Adding repository directory to the temporary git global config as a safe directory
2026-10-02T07:31:08.4902879Z [command]/usr/bin/git config --global --add safe.directory /home/runner/work/RamenSOPs/RamenSOPs
2026-10-02T07:31:08.4947816Z Deleting the contents of '/home/runner/work/RamenSOPs/RamenSOPs'
2026-10-02T07:31:08.4952127Z ##[group]Initializing the repository
2026-10-02T07:31:08.4957824Z [command]/usr/bin/git init /home/runner/work/RamenSOPs/RamenSOPs
2026-10-02T07:31:08.5124140Z hint: Using 'master' as the name for the initial branch. This default branch name
2026-10-02T07:31:08.5126016Z hint: will change to "main" in Git 3.0. To configure the initial branch name
2026-10-02T07:31:08.5127695Z hint: to use in all of your new repositories, which will suppress this warning,
2026-10-02T07:31:08.5129032Z hint: call:
2026-10-02T07:31:08.5129740Z hint:
2026-10-02T07:31:08.5130654Z hint: 	git config --global init.defaultBranch <name>
2026-10-02T07:31:08.5132010Z hint:
2026-10-02T07:31:08.5133113Z hint: Names commonly chosen instead of 'master' are 'main', 'trunk' and
2026-10-02T07:31:08.5134833Z hint: 'development'. The just-created branch can be renamed via this command:
2026-10-02T07:31:08.5136124Z hint:
2026-10-02T07:31:08.5136852Z hint: 	git branch -m <name>
2026-10-02T07:31:08.5137707Z hint:
2026-10-02T07:31:08.5138838Z hint: Disable this message with "git config set advice.defaultBranchName false"
2026-10-02T07:31:08.5146312Z Initialized empty Git repository in /home/runner/work/RamenSOPs/RamenSOPs/.git/
2026-10-02T07:31:08.5159497Z [command]/usr/bin/git remote add origin https://github.com/Prog-Ramen/RamenSOPs
2026-10-02T07:31:08.5217784Z ##[endgroup]
2026-10-02T07:31:08.5219197Z ##[group]Disabling automatic garbage collection
2026-10-02T07:31:08.5222406Z [command]/usr/bin/git config --local gc.auto 0
2026-10-02T07:31:08.5276601Z ##[endgroup]
2026-10-02T07:31:08.5277787Z ##[group]Setting up auth
2026-10-02T07:31:08.5284343Z [command]/usr/bin/git config --local --name-only --get-regexp core\.sshCommand
2026-10-02T07:31:08.5430419Z [command]/usr/bin/git submodule foreach --recursive sh -c "git config --local --name-only --get-regexp 'core\.sshCommand' && git config --local --unset-all 'core.sshCommand' || :"
2026-10-02T07:31:08.5771530Z [command]/usr/bin/git config --local --name-only --get-regexp http\.https\:\/\/github\.com\/\.extraheader
2026-10-02T07:31:08.5810225Z [command]/usr/bin/git submodule foreach --recursive sh -c "git config --local --name-only --get-regexp 'http\.https\:\/\/github\.com\/\.extraheader' && git config --local --unset-all 'http.https://github.com/.extraheader' || :"
2026-10-02T07:31:08.6039347Z [command]/usr/bin/git config --local --name-only --get-regexp ^includeIf\.gitdir:
2026-10-02T07:31:08.6078164Z [command]/usr/bin/git submodule foreach --recursive git config --local --show-origin --name-only --get-regexp remote.origin.url
2026-10-02T07:31:08.6304417Z [command]/usr/bin/git config --local http.https://github.com/.extraheader AUTHORIZATION: basic ***
2026-10-02T07:31:08.6347467Z ##[endgroup]
2026-10-02T07:31:08.6348791Z ##[group]Fetching the repository
2026-10-02T07:31:08.6357379Z [command]/usr/bin/git -c protocol.version=2 fetch --no-tags --prune --no-recurse-submodules --depth=1 origin +4138174f2242cff6fe866095cc37a6275a94784c:refs/remotes/pull/9/merge
2026-10-02T07:31:09.2476853Z From https://github.com/Prog-Ramen/RamenSOPs
2026-10-02T07:31:09.2479425Z  * [new ref]         4138174f2242cff6fe866095cc37a6275a94784c -> pull/9/merge
2026-10-02T07:31:09.2484655Z ##[endgroup]
2026-10-02T07:31:09.2486178Z ##[group]Determining the checkout info
2026-10-02T07:31:09.2488287Z ##[endgroup]
2026-10-02T07:31:09.2490431Z [command]/usr/bin/git sparse-checkout disable
2026-10-02T07:31:09.2546470Z [command]/usr/bin/git config --local --unset-all extensions.worktreeConfig
2026-10-02T07:31:09.2583273Z ##[group]Checking out the ref
2026-10-02T07:31:09.2587353Z [command]/usr/bin/git checkout --progress --force refs/remotes/pull/9/merge
2026-10-02T07:31:09.2814822Z Note: switching to 'refs/remotes/pull/9/merge'.
2026-10-02T07:31:09.2816514Z 
2026-10-02T07:31:09.2817458Z You are in 'detached HEAD' state. You can look around, make experimental
2026-10-02T07:31:09.2819733Z changes and commit them, and you can discard any commits you make in this
2026-10-02T07:31:09.2822964Z state without impacting any branches by switching back to a branch.
2026-10-02T07:31:09.2825370Z 
2026-10-02T07:31:09.2826602Z If you want to create a new branch to retain commits you create, you may
2026-10-02T07:31:09.2829216Z do so (now or later) by using -c with the switch command. Example:
2026-10-02T07:31:09.2830891Z 
2026-10-02T07:31:09.2831811Z   git switch -c <new-branch-name>
2026-10-02T07:31:09.2832977Z 
2026-10-02T07:31:09.2833671Z Or undo this operation with:
2026-10-02T07:31:09.2834814Z 
2026-10-02T07:31:09.2835528Z   git switch -
2026-10-02T07:31:09.2836438Z 
2026-10-02T07:31:09.2837801Z Turn off this advice by setting config variable advice.detachedHead to false
2026-10-02T07:31:09.2839748Z 
2026-10-02T07:31:09.2842120Z HEAD is now at 4138174 Merge 530d800f2a93e35c5f5bd8e4c2f237d54d59add4 into 73c4a1ac374ee2a5eca0f75fa9655fc0313fcd36
2026-10-02T07:31:09.2847024Z ##[endgroup]
2026-10-02T07:31:09.2875189Z [command]/usr/bin/git log -1 --format=%H
2026-10-02T07:31:09.2902453Z 4138174f2242cff6fe866095cc37a6275a94784c
2026-10-02T07:31:09.2912480Z ##[group]Removing auth
2026-10-02T07:31:09.2916335Z [command]/usr/bin/git config --local --name-only --get-regexp core\.sshCommand
2026-10-02T07:31:09.2950059Z [command]/usr/bin/git submodule foreach --recursive sh -c "git config --local --name-only --get-regexp 'core\.sshCommand' && git config --local --unset-all 'core.sshCommand' || :"
2026-10-02T07:31:09.3172239Z [command]/usr/bin/git config --local --name-only --get-regexp http\.https\:\/\/github\.com\/\.extraheader
2026-10-02T07:31:09.3199328Z http.https://github.com/.extraheader
2026-10-02T07:31:09.3213680Z [command]/usr/bin/git config --local --unset-all http.https://github.com/.extraheader
2026-10-02T07:31:09.3249626Z [command]/usr/bin/git submodule foreach --recursive sh -c "git config --local --name-only --get-regexp 'http\.https\:\/\/github\.com\/\.extraheader' && git config --local --unset-all 'http.https://github.com/.extraheader' || :"
2026-10-02T07:31:09.3468468Z [command]/usr/bin/git config --local --name-only --get-regexp ^includeIf\.gitdir:
2026-10-02T07:31:09.3501736Z [command]/usr/bin/git submodule foreach --recursive git config --local --show-origin --name-only --get-regexp remote.origin.url
2026-10-02T07:31:09.3723697Z ##[endgroup]
2026-10-02T07:31:09.4106134Z ##[group]Run actions/setup-python@a26af69be951a213d495a4c3e4e4022e16d87065
2026-10-02T07:31:09.4107945Z with:
2026-10-02T07:31:09.4108817Z   python-version: 3.13
2026-10-02T07:31:09.4109852Z   check-latest: false
2026-10-02T07:31:09.4119654Z   token: ***
2026-10-02T07:31:09.4120600Z   update-environment: true
2026-10-02T07:31:09.4121893Z   allow-prereleases: false
2026-10-02T07:31:09.4122976Z   freethreaded: false
2026-10-02T07:31:09.4123946Z ##[endgroup]
2026-10-02T07:31:09.5500794Z ##[group]Installed versions
2026-10-02T07:31:09.5590709Z (node:2368) [DEP0040] DeprecationWarning: The `punycode` module is deprecated. Please use a userland alternative instead.
2026-10-02T07:31:09.5595628Z (Use `node --trace-deprecation ...` to show where the warning was created)
2026-10-02T07:31:09.5598724Z Successfully set up CPython (3.13.15)
2026-10-02T07:31:09.5602255Z ##[endgroup]
2026-10-02T07:31:09.5845628Z ##[group]Run bash ci/setup_kev.sh
2026-10-02T07:31:09.5847214Z [36;1mbash ci/setup_kev.sh[0m
2026-10-02T07:31:09.6212090Z shell: /usr/bin/bash -e {0}
2026-10-02T07:31:09.6213242Z env:
2026-10-02T07:31:09.6214411Z   pythonLocation: /opt/hostedtoolcache/Python/3.13.15/x64
2026-10-02T07:31:09.6216371Z   PKG_CONFIG_PATH: /opt/hostedtoolcache/Python/3.13.15/x64/lib/pkgconfig
2026-10-02T07:31:09.6218325Z   Python_ROOT_DIR: /opt/hostedtoolcache/Python/3.13.15/x64
2026-10-02T07:31:09.6220085Z   Python2_ROOT_DIR: /opt/hostedtoolcache/Python/3.13.15/x64
2026-10-02T07:31:09.6221995Z   Python3_ROOT_DIR: /opt/hostedtoolcache/Python/3.13.15/x64
2026-10-02T07:31:09.6223724Z   LD_LIBRARY_PATH: /opt/hostedtoolcache/Python/3.13.15/x64/lib
2026-10-02T07:31:09.6225167Z ##[endgroup]
2026-10-02T07:31:09.6382741Z Cloning into '/home/runner/work/_temp/kev-src'...
2026-10-02T07:31:16.4705415Z Updating files:  47% (1435/3049)
2026-10-02T07:31:16.4838850Z Updating files:  48% (1464/3049)
2026-10-02T07:31:16.5339854Z Updating files:  49% (1495/3049)
2026-10-02T07:31:16.5715199Z Updating files:  50% (1525/3049)
2026-10-02T07:31:16.5906525Z Updating files:  51% (1555/3049)
2026-10-02T07:31:16.6189506Z Updating files:  52% (1586/3049)
2026-10-02T07:31:16.6533302Z Updating files:  53% (1616/3049)
2026-10-02T07:31:16.6736008Z Updating files:  54% (1647/3049)
2026-10-02T07:31:16.6862113Z Updating files:  55% (1677/3049)
2026-10-02T07:31:16.7007853Z Updating files:  56% (1708/3049)
2026-10-02T07:31:16.7520749Z Updating files:  57% (1738/3049)
2026-10-02T07:31:16.7810611Z Updating files:  58% (1769/3049)
2026-10-02T07:31:16.8101963Z Updating files:  59% (1799/3049)
2026-10-02T07:31:16.8219550Z Updating files:  60% (1830/3049)
2026-10-02T07:31:16.8581571Z Updating files:  61% (1860/3049)
2026-10-02T07:31:16.8942417Z Updating files:  62% (1891/3049)
2026-10-02T07:31:16.9156694Z Updating files:  63% (1921/3049)
2026-10-02T07:31:16.9262422Z Updating files:  64% (1952/3049)
2026-10-02T07:31:16.9443800Z Updating files:  65% (1982/3049)
2026-10-02T07:31:16.9918143Z Updating files:  66% (2013/3049)
2026-10-02T07:31:17.0115280Z Updating files:  67% (2043/3049)
2026-10-02T07:31:17.0378354Z Updating files:  68% (2074/3049)
2026-10-02T07:31:17.0441357Z Updating files:  69% (2104/3049)
2026-10-02T07:31:17.0544354Z Updating files:  70% (2135/3049)
2026-10-02T07:31:17.0815051Z Updating files:  71% (2165/3049)
2026-10-02T07:31:17.1159036Z Updating files:  72% (2196/3049)
2026-10-02T07:31:17.1443409Z Updating files:  73% (2226/3049)
2026-10-02T07:31:17.1764555Z Updating files:  74% (2257/3049)
2026-10-02T07:31:17.1922142Z Updating files:  75% (2287/3049)
2026-10-02T07:31:17.2005466Z Updating files:  76% (2318/3049)
2026-10-02T07:31:17.2206205Z Updating files:  77% (2348/3049)
2026-10-02T07:31:17.2385847Z Updating files:  78% (2379/3049)
2026-10-02T07:31:17.2746540Z Updating files:  79% (2409/3049)
2026-10-02T07:31:17.2969322Z Updating files:  80% (2440/3049)
2026-10-02T07:31:17.3114620Z Updating files:  81% (2470/3049)
2026-10-02T07:31:17.3613688Z Updating files:  82% (2501/3049)
2026-10-02T07:31:17.3842298Z Updating files:  83% (2531/3049)
2026-10-02T07:31:17.4034303Z Updating files:  84% (2562/3049)
2026-10-02T07:31:17.4092653Z Updating files:  85% (2592/3049)
2026-10-02T07:31:17.4190640Z Updating files:  86% (2623/3049)
2026-10-02T07:31:17.4236386Z Updating files:  87% (2653/3049)
2026-10-02T07:31:17.4262432Z Updating files:  88% (2684/3049)
2026-10-02T07:31:17.4284178Z Updating files:  89% (2714/3049)
2026-10-02T07:31:17.4308664Z Updating files:  90% (2745/3049)
2026-10-02T07:31:17.4470263Z Updating files:  91% (2775/3049)
2026-10-02T07:31:17.4574708Z Updating files:  91% (2793/3049)
2026-10-02T07:31:17.5007560Z Updating files:  92% (2806/3049)
2026-10-02T07:31:17.5046922Z Updating files:  93% (2836/3049)
2026-10-02T07:31:17.5080063Z Updating files:  94% (2867/3049)
2026-10-02T07:31:17.5110989Z Updating files:  95% (2897/3049)
2026-10-02T07:31:17.5142810Z Updating files:  96% (2928/3049)
2026-10-02T07:31:17.5174227Z Updating files:  97% (2958/3049)
2026-10-02T07:31:17.5198455Z Updating files:  98% (2989/3049)
2026-10-02T07:31:17.5296917Z Updating files:  99% (3019/3049)
2026-10-02T07:31:17.5297379Z Updating files: 100% (3049/3049)
2026-10-02T07:31:17.5297821Z Updating files: 100% (3049/3049), done.
2026-10-02T07:31:18.7870390Z Note: switching to 'eb45fd2381396eb7edc3964b753ebc1b0ab1da2b'.
2026-10-02T07:31:18.7871384Z 
2026-10-02T07:31:18.7871756Z You are in 'detached HEAD' state. You can look around, make experimental
2026-10-02T07:31:18.7872669Z changes and commit them, and you can discard any commits you make in this
2026-10-02T07:31:18.7873548Z state without impacting any branches by switching back to a branch.
2026-10-02T07:31:18.7874068Z 
2026-10-02T07:31:18.7874407Z If you want to create a new branch to retain commits you create, you may
2026-10-02T07:31:18.7875221Z do so (now or later) by using -c with the switch command. Example:
2026-10-02T07:31:18.7875883Z 
2026-10-02T07:31:18.7876013Z   git switch -c <new-branch-name>
2026-10-02T07:31:18.7876202Z 
2026-10-02T07:31:18.7876308Z Or undo this operation with:
2026-10-02T07:31:18.7876470Z 
2026-10-02T07:31:18.7876549Z   git switch -
2026-10-02T07:31:18.7876671Z 
2026-10-02T07:31:18.7876877Z Turn off this advice by setting config variable advice.detachedHead to false
2026-10-02T07:31:18.7877187Z 
2026-10-02T07:31:18.7877949Z HEAD is now at eb45fd2 Full-weight SFT at corpus scale: shared state prefix in training, balanced micro-batches, bit-identical resume with automatic trial continuation, causal-conv1d; 27B on 8 H200 runs the SFT mix at 7.6 records/s (#125)
2026-10-02T07:31:22.2928118Z Looking in indexes: https://download.pytorch.org/whl/cpu
2026-10-02T07:31:22.4586578Z Collecting torch==2.8.0
2026-10-02T07:31:22.6112419Z   Downloading torch-2.8.0%2Bcpu-cp313-cp313-manylinux_2_28_x86_64.whl.metadata (29 kB)
2026-10-02T07:31:22.6407529Z Collecting filelock (from torch==2.8.0)
2026-10-02T07:31:22.7001442Z   Downloading filelock-3.32.3-py3-none-any.whl.metadata (2.0 kB)
2026-10-02T07:31:22.7181926Z Collecting typing-extensions>=4.10.0 (from torch==2.8.0)
2026-10-02T07:31:22.7256966Z   Downloading typing_extensions-4.16.0-py3-none-any.whl.metadata (3.3 kB)
2026-10-02T07:31:22.7361410Z Collecting setuptools (from torch==2.8.0)
2026-10-02T07:31:22.7437234Z   Downloading setuptools-78.1.0-py3-none-any.whl.metadata (6.6 kB)
2026-10-02T07:31:22.7746535Z Collecting sympy>=1.13.3 (from torch==2.8.0)
2026-10-02T07:31:22.7834063Z   Downloading sympy-1.14.0-py3-none-any.whl.metadata (12 kB)
2026-10-02T07:31:22.8107130Z Collecting networkx (from torch==2.8.0)
2026-10-02T07:31:22.8178742Z   Downloading networkx-3.6.1-py3-none-any.whl.metadata (6.8 kB)
2026-10-02T07:31:22.8344095Z Collecting jinja2 (from torch==2.8.0)
2026-10-02T07:31:22.8422338Z   Downloading jinja2-3.1.6-py3-none-any.whl.metadata (2.9 kB)
2026-10-02T07:31:22.8661638Z Collecting fsspec (from torch==2.8.0)
2026-10-02T07:31:22.8734460Z   Downloading fsspec-2026.7.0-py3-none-any.whl.metadata (10 kB)
2026-10-02T07:31:22.9044523Z Collecting mpmath<1.4,>=1.1.0 (from sympy>=1.13.3->torch==2.8.0)
2026-10-02T07:31:22.9122106Z   Downloading mpmath-1.3.0-py3-none-any.whl.metadata (8.6 kB)
2026-10-02T07:31:22.9356527Z Collecting MarkupSafe>=2.0 (from jinja2->torch==2.8.0)
2026-10-02T07:31:22.9436110Z   Downloading markupsafe-3.0.3-cp313-cp313-manylinux2014_x86_64.manylinux_2_17_x86_64.manylinux_2_28_x86_64.whl.metadata (2.7 kB)
2026-10-02T07:31:22.9577310Z Downloading torch-2.8.0%2Bcpu-cp313-cp313-manylinux_2_28_x86_64.whl (183.9 MB)
2026-10-02T07:31:23.3322759Z    ━━━━━━━━━━━━━━━━━━━━━━━━━━━━━━━━━━━━━━━━ 183.9/183.9 MB 509.9 MB/s  0:00:00
2026-10-02T07:31:23.3395736Z Downloading sympy-1.14.0-py3-none-any.whl (6.3 MB)
2026-10-02T07:31:23.4011672Z    ━━━━━━━━━━━━━━━━━━━━━━━━━━━━━━━━━━━━━━━━ 6.3/6.3 MB 137.0 MB/s  0:00:00
2026-10-02T07:31:23.4087086Z Downloading mpmath-1.3.0-py3-none-any.whl (536 kB)
2026-10-02T07:31:23.4111864Z    ━━━━━━━━━━━━━━━━━━━━━━━━━━━━━━━━━━━━━━━━ 536.2/536.2 kB 756.4 MB/s  0:00:00
2026-10-02T07:31:23.4186144Z Downloading typing_extensions-4.16.0-py3-none-any.whl (45 kB)
2026-10-02T07:31:23.4258113Z Downloading filelock-3.32.3-py3-none-any.whl (98 kB)
2026-10-02T07:31:23.4331820Z Downloading fsspec-2026.7.0-py3-none-any.whl (206 kB)
2026-10-02T07:31:23.4419092Z Downloading jinja2-3.1.6-py3-none-any.whl (134 kB)
2026-10-02T07:31:23.4529642Z Downloading markupsafe-3.0.3-cp313-cp313-manylinux2014_x86_64.manylinux_2_17_x86_64.manylinux_2_28_x86_64.whl (22 kB)
2026-10-02T07:31:23.4602107Z Downloading networkx-3.6.1-py3-none-any.whl (2.1 MB)
2026-10-02T07:31:23.4656710Z    ━━━━━━━━━━━━━━━━━━━━━━━━━━━━━━━━━━━━━━━━ 2.1/2.1 MB 676.8 MB/s  0:00:00
2026-10-02T07:31:23.4740013Z Downloading setuptools-78.1.0-py3-none-any.whl (1.3 MB)
2026-10-02T07:31:23.4928904Z    ━━━━━━━━━━━━━━━━━━━━━━━━━━━━━━━━━━━━━━━━ 1.3/1.3 MB 76.9 MB/s  0:00:00
2026-10-02T07:31:23.8479780Z Installing collected packages: mpmath, typing-extensions, sympy, setuptools, networkx, MarkupSafe, fsspec, filelock, jinja2, torch
2026-10-02T07:31:43.0773140Z 
2026-10-02T07:31:43.0793230Z Successfully installed MarkupSafe-3.0.3 filelock-3.32.3 fsspec-2026.7.0 jinja2-3.1.6 mpmath-1.3.0 networkx-3.6.1 setuptools-78.1.0 sympy-1.14.0 torch-2.8.0+cpu typing-extensions-4.16.0
2026-10-02T07:31:43.6155520Z Processing /home/runner/work/_temp/kev-src
2026-10-02T07:31:43.6174017Z   Installing build dependencies: started
2026-10-02T07:31:44.5953704Z   Installing build dependencies: finished with status 'done'
2026-10-02T07:31:44.5959897Z   Getting requirements to build wheel: started
2026-10-02T07:31:45.1435601Z   Getting requirements to build wheel: finished with status 'done'
2026-10-02T07:31:45.1445115Z   Preparing metadata (pyproject.toml): started
2026-10-02T07:31:45.3495064Z   Preparing metadata (pyproject.toml): finished with status 'done'
2026-10-02T07:31:45.4280410Z Collecting accelerate>=1.15.0 (from kev==0.1.0)
2026-10-02T07:31:45.4880536Z   Downloading accelerate-1.15.0-py3-none-any.whl.metadata (19 kB)
2026-10-02T07:31:45.5228956Z Collecting datasets>=3.0 (from kev==0.1.0)
2026-10-02T07:31:45.5306997Z   Downloading datasets-5.0.1-py3-none-any.whl.metadata (23 kB)
2026-10-02T07:31:45.7526793Z Collecting numpy>=2.5.3 (from kev==0.1.0)
2026-10-02T07:31:45.7619361Z   Downloading numpy-2.5.3-cp313-cp313-manylinux_2_27_x86_64.manylinux_2_28_x86_64.whl.metadata (6.6 kB)
2026-10-02T07:31:45.7748191Z Collecting peft>=0.21 (from kev==0.1.0)
2026-10-02T07:31:45.7835921Z   Downloading peft-0.21.0-py3-none-any.whl.metadata (15 kB)
2026-10-02T07:31:45.8806425Z Collecting pydantic>=2.9 (from kev==0.1.0)
2026-10-02T07:31:45.8879075Z   Downloading pydantic-2.13.5-py3-none-any.whl.metadata (110 kB)
2026-10-02T07:31:45.9740355Z Collecting scikit-learn>=1.9.1 (from kev==0.1.0)
2026-10-02T07:31:45.9815625Z   Downloading scikit_learn-1.9.1-cp313-cp313-manylinux_2_27_x86_64.manylinux_2_28_x86_64.whl.metadata (9.3 kB)
2026-10-02T07:31:45.9841438Z Requirement already satisfied: torch<2.9,>=2.6 in /home/runner/work/_temp/kev-env/lib/python3.13/site-packages (from kev==0.1.0) (2.8.0+cpu)
2026-10-02T07:31:46.0116920Z Collecting transformers<6,>=5.17 (from kev==0.1.0)
2026-10-02T07:31:46.0192953Z   Downloading transformers-5.17.0-py3-none-any.whl.metadata (32 kB)
2026-10-02T07:31:46.0969650Z Collecting fastapi>=0.115 (from kev==0.1.0)
2026-10-02T07:31:46.1052797Z   Downloading fastapi-0.141.1-py3-none-any.whl.metadata (27 kB)
2026-10-02T07:31:46.1185605Z Collecting typesafe-sdk>=0.6.0 (from kev==0.1.0)
2026-10-02T07:31:46.1255828Z   Downloading typesafe_sdk-0.6.0-py3-none-any.whl.metadata (2.6 kB)
2026-10-02T07:31:46.1460499Z Collecting uvicorn>=0.30 (from kev==0.1.0)
2026-10-02T07:31:46.1532559Z   Downloading uvicorn-0.53.0-py3-none-any.whl.metadata (6.6 kB)
2026-10-02T07:31:46.1756229Z Collecting filelock (from torch<2.9,>=2.6->kev==0.1.0)
2026-10-02T07:31:46.1836901Z   Downloading filelock-4.0.0-py3-none-any.whl.metadata (2.0 kB)
2026-10-02T07:31:46.1856074Z Requirement already satisfied: typing-extensions>=4.10.0 in /home/runner/work/_temp/kev-env/lib/python3.13/site-packages (from torch<2.9,>=2.6->kev==0.1.0) (4.16.0)
2026-10-02T07:31:46.2501876Z Collecting setuptools (from torch<2.9,>=2.6->kev==0.1.0)
2026-10-02T07:31:46.2576674Z   Downloading setuptools-84.0.0-py3-none-any.whl.metadata (6.6 kB)
2026-10-02T07:31:46.2643667Z Requirement already satisfied: sympy>=1.13.3 in /home/runner/work/_temp/kev-env/lib/python3.13/site-packages (from torch<2.9,>=2.6->kev==0.1.0) (1.14.0)
2026-10-02T07:31:46.2648334Z Requirement already satisfied: networkx in /home/runner/work/_temp/kev-env/lib/python3.13/site-packages (from torch<2.9,>=2.6->kev==0.1.0) (3.6.1)
2026-10-02T07:31:46.2652928Z Requirement already satisfied: jinja2 in /home/runner/work/_temp/kev-env/lib/python3.13/site-packages (from torch<2.9,>=2.6->kev==0.1.0) (3.1.6)
2026-10-02T07:31:46.2812942Z Collecting fsspec (from torch<2.9,>=2.6->kev==0.1.0)
2026-10-02T07:31:46.2888585Z   Downloading fsspec-2026.6.0-py3-none-any.whl.metadata (10 kB)
2026-10-02T07:31:46.3450247Z Collecting huggingface-hub<2.0,>=1.5.0 (from transformers<6,>=5.17->kev==0.1.0)
2026-10-02T07:31:46.3526669Z   Downloading huggingface_hub-1.32.0-py3-none-any.whl.metadata (16 kB)
2026-10-02T07:31:46.3795520Z Collecting packaging>=20.0 (from transformers<6,>=5.17->kev==0.1.0)
2026-10-02T07:31:46.3872884Z   Downloading packaging-26.3-py3-none-any.whl.metadata (3.5 kB)
2026-10-02T07:31:46.4228661Z Collecting pyyaml>=5.1 (from transformers<6,>=5.17->kev==0.1.0)
2026-10-02T07:31:46.4302067Z   Downloading pyyaml-6.0.3-cp313-cp313-manylinux2014_x86_64.manylinux_2_17_x86_64.manylinux_2_28_x86_64.whl.metadata (2.4 kB)
2026-10-02T07:31:46.7863520Z Collecting regex>=2025.10.22 (from transformers<6,>=5.17->kev==0.1.0)
2026-10-02T07:31:46.7947123Z   Downloading regex-2026.9.10-cp313-cp313-manylinux2014_x86_64.manylinux_2_17_x86_64.manylinux_2_28_x86_64.whl.metadata (40 kB)
2026-10-02T07:31:46.9620819Z Collecting tokenizers<0.24.0,>=0.23.1 (from transformers<6,>=5.17->kev==0.1.0)
2026-10-02T07:31:46.9693887Z   Downloading tokenizers-0.23.2-cp310-abi3-manylinux_2_17_x86_64.manylinux2014_x86_64.whl.metadata (9.8 kB)
2026-10-02T07:31:46.9874790Z Collecting typer (from transformers<6,>=5.17->kev==0.1.0)
2026-10-02T07:31:46.9946074Z   Downloading typer-0.27.2-py3-none-any.whl.metadata (16 kB)
2026-10-02T07:31:47.1066836Z Collecting safetensors>=0.8.0 (from transformers<6,>=5.17->kev==0.1.0)
2026-10-02T07:31:47.1143414Z   Downloading safetensors-0.8.0-cp310-abi3-manylinux_2_17_x86_64.manylinux2014_x86_64.whl.metadata (4.2 kB)
2026-10-02T07:31:47.1408283Z Collecting tqdm>=4.60 (from transformers<6,>=5.17->kev==0.1.0)
2026-10-02T07:31:47.1479717Z   Downloading tqdm-4.70.1-py3-none-any.whl.metadata (57 kB)
2026-10-02T07:31:47.1691371Z Collecting click<9.0.0,>=8.4.2 (from huggingface-hub<2.0,>=1.5.0->transformers<6,>=5.17->kev==0.1.0)
2026-10-02T07:31:47.1785338Z   Downloading click-8.5.0-py3-none-any.whl.metadata (2.6 kB)
2026-10-02T07:31:47.2179503Z Collecting hf-xet<2.0.0,>=1.5.2 (from huggingface-hub<2.0,>=1.5.0->transformers<6,>=5.17->kev==0.1.0)
2026-10-02T07:31:47.2254347Z   Downloading hf_xet-1.6.0-cp38-abi3-manylinux2014_x86_64.manylinux_2_17_x86_64.whl.metadata (4.9 kB)
2026-10-02T07:31:47.2407024Z Collecting httpx<1,>=0.23.0 (from huggingface-hub<2.0,>=1.5.0->transformers<6,>=5.17->kev==0.1.0)
2026-10-02T07:31:47.2481060Z   Downloading httpx-0.28.1-py3-none-any.whl.metadata (7.1 kB)
2026-10-02T07:31:47.2692819Z Collecting anyio (from httpx<1,>=0.23.0->huggingface-hub<2.0,>=1.5.0->transformers<6,>=5.17->kev==0.1.0)
2026-10-02T07:31:47.2766184Z   Downloading anyio-4.15.1-py3-none-any.whl.metadata (4.7 kB)
2026-10-02T07:31:47.3073898Z Collecting certifi (from httpx<1,>=0.23.0->huggingface-hub<2.0,>=1.5.0->transformers<6,>=5.17->kev==0.1.0)
2026-10-02T07:31:47.3146288Z   Downloading certifi-2026.7.22-py3-none-any.whl.metadata (2.5 kB)
2026-10-02T07:31:47.3292341Z Collecting httpcore==1.* (from httpx<1,>=0.23.0->huggingface-hub<2.0,>=1.5.0->transformers<6,>=5.17->kev==0.1.0)
2026-10-02T07:31:47.3365389Z   Downloading httpcore-1.0.9-py3-none-any.whl.metadata (21 kB)
2026-10-02T07:31:47.3511513Z Collecting idna (from httpx<1,>=0.23.0->huggingface-hub<2.0,>=1.5.0->transformers<6,>=5.17->kev==0.1.0)
2026-10-02T07:31:47.3583452Z   Downloading idna-3.20-py3-none-any.whl.metadata (7.2 kB)
2026-10-02T07:31:47.3705712Z Collecting h11>=0.16 (from httpcore==1.*->httpx<1,>=0.23.0->huggingface-hub<2.0,>=1.5.0->transformers<6,>=5.17->kev==0.1.0)
2026-10-02T07:31:47.3777841Z   Downloading h11-0.16.0-py3-none-any.whl.metadata (8.3 kB)
2026-10-02T07:31:47.4437054Z Collecting psutil (from accelerate>=1.15.0->kev==0.1.0)
2026-10-02T07:31:47.4511581Z   Downloading psutil-7.2.2-cp36-abi3-manylinux2010_x86_64.manylinux_2_12_x86_64.manylinux_2_28_x86_64.whl.metadata (22 kB)
2026-10-02T07:31:47.5361750Z Collecting pyarrow>=21.0.0 (from datasets>=3.0->kev==0.1.0)
2026-10-02T07:31:47.5435447Z   Downloading pyarrow-25.0.1-cp313-cp313-manylinux_2_28_x86_64.whl.metadata (3.0 kB)
2026-10-02T07:31:47.5548065Z Collecting dill<0.4.2,>=0.3.0 (from datasets>=3.0->kev==0.1.0)
2026-10-02T07:31:47.5617919Z   Downloading dill-0.4.1-py3-none-any.whl.metadata (10 kB)
2026-10-02T07:31:47.6730729Z Collecting pandas (from datasets>=3.0->kev==0.1.0)
2026-10-02T07:31:47.6804407Z   Downloading pandas-3.0.5-cp313-cp313-manylinux_2_24_x86_64.manylinux_2_28_x86_64.whl.metadata (79 kB)
2026-10-02T07:31:47.7233680Z Collecting requests>=2.32.2 (from datasets>=3.0->kev==0.1.0)
2026-10-02T07:31:47.7306531Z   Downloading requests-2.34.2-py3-none-any.whl.metadata (4.8 kB)
2026-10-02T07:31:47.8538873Z Collecting xxhash (from datasets>=3.0->kev==0.1.0)
2026-10-02T07:31:47.8612642Z   Downloading xxhash-4.0.1-cp313-cp313-manylinux2014_x86_64.manylinux_2_17_x86_64.manylinux_2_28_x86_64.whl.metadata (17 kB)
2026-10-02T07:31:47.8802484Z Collecting multiprocess<0.70.20 (from datasets>=3.0->kev==0.1.0)
2026-10-02T07:31:47.8874081Z   Downloading multiprocess-0.70.19-py313-none-any.whl.metadata (7.5 kB)
2026-10-02T07:31:48.3485812Z Collecting aiohttp!=4.0.0a0,!=4.0.0a1 (from fsspec[http]<=2026.6.0,>=2023.1.0->datasets>=3.0->kev==0.1.0)
2026-10-02T07:31:48.3558189Z   Downloading aiohttp-3.14.3-cp313-cp313-manylinux2014_x86_64.manylinux_2_17_x86_64.manylinux_2_28_x86_64.whl.metadata (8.3 kB)
2026-10-02T07:31:48.3723802Z Collecting aiohappyeyeballs>=2.5.0 (from aiohttp!=4.0.0a0,!=4.0.0a1->fsspec[http]<=2026.6.0,>=2023.1.0->datasets>=3.0->kev==0.1.0)
2026-10-02T07:31:48.3795028Z   Downloading aiohappyeyeballs-2.7.1-py3-none-any.whl.metadata (5.9 kB)
2026-10-02T07:31:48.3900033Z Collecting aiosignal>=1.4.0 (from aiohttp!=4.0.0a0,!=4.0.0a1->fsspec[http]<=2026.6.0,>=2023.1.0->datasets>=3.0->kev==0.1.0)
2026-10-02T07:31:48.3970227Z   Downloading aiosignal-1.4.0-py3-none-any.whl.metadata (3.7 kB)
2026-10-02T07:31:48.4101838Z Collecting attrs>=17.3.0 (from aiohttp!=4.0.0a0,!=4.0.0a1->fsspec[http]<=2026.6.0,>=2023.1.0->datasets>=3.0->kev==0.1.0)
2026-10-02T07:31:48.4171656Z   Downloading attrs-26.1.0-py3-none-any.whl.metadata (8.8 kB)
2026-10-02T07:31:48.4767199Z Collecting frozenlist>=1.1.1 (from aiohttp!=4.0.0a0,!=4.0.0a1->fsspec[http]<=2026.6.0,>=2023.1.0->datasets>=3.0->kev==0.1.0)
2026-10-02T07:31:48.4840524Z   Downloading frozenlist-1.8.0-cp313-cp313-manylinux1_x86_64.manylinux_2_28_x86_64.manylinux_2_5_x86_64.whl.metadata (20 kB)
2026-10-02T07:31:48.7172396Z Collecting multidict<7.0,>=4.5 (from aiohttp!=4.0.0a0,!=4.0.0a1->fsspec[http]<=2026.6.0,>=2023.1.0->datasets>=3.0->kev==0.1.0)
2026-10-02T07:31:48.7263480Z   Downloading multidict-6.8.0-cp313-cp313-manylinux2014_x86_64.manylinux_2_17_x86_64.manylinux_2_28_x86_64.whl.metadata (5.3 kB)
2026-10-02T07:31:48.7909449Z Collecting propcache>=0.2.0 (from aiohttp!=4.0.0a0,!=4.0.0a1->fsspec[http]<=2026.6.0,>=2023.1.0->datasets>=3.0->kev==0.1.0)
2026-10-02T07:31:48.7985124Z   Downloading propcache-0.5.4-cp313-cp313-manylinux2014_x86_64.manylinux_2_17_x86_64.manylinux_2_28_x86_64.whl.metadata (25 kB)
2026-10-02T07:31:49.0321837Z Collecting yarl<2.0,>=1.17.0 (from aiohttp!=4.0.0a0,!=4.0.0a1->fsspec[http]<=2026.6.0,>=2023.1.0->datasets>=3.0->kev==0.1.0)
2026-10-02T07:31:49.0395912Z   Downloading yarl-1.25.1-cp313-cp313-manylinux2014_x86_64.manylinux_2_17_x86_64.manylinux_2_28_x86_64.whl.metadata (111 kB)
2026-10-02T07:31:49.0743386Z Collecting starlette>=0.46.0 (from fastapi>=0.115->kev==0.1.0)
2026-10-02T07:31:49.0817177Z   Downloading starlette-1.6.0-py3-none-any.whl.metadata (6.4 kB)
2026-10-02T07:31:49.0936078Z Collecting typing-inspection>=0.4.2 (from fastapi>=0.115->kev==0.1.0)
2026-10-02T07:31:49.1007846Z   Downloading typing_inspection-0.4.4-py3-none-any.whl.metadata (2.6 kB)
2026-10-02T07:31:49.1116351Z Collecting annotated-doc>=0.0.2 (from fastapi>=0.115->kev==0.1.0)
2026-10-02T07:31:49.1189246Z   Downloading annotated_doc-0.0.5-py3-none-any.whl.metadata (6.5 kB)
2026-10-02T07:31:49.1383544Z Collecting annotated-types>=0.6.0 (from pydantic>=2.9->kev==0.1.0)
2026-10-02T07:31:49.1455567Z   Downloading annotated_types-0.8.0-py3-none-any.whl.metadata (15 kB)
2026-10-02T07:31:49.8045765Z Collecting pydantic-core==2.46.5 (from pydantic>=2.9->kev==0.1.0)
2026-10-02T07:31:49.8120549Z   Downloading pydantic_core-2.46.5-cp313-cp313-manylinux_2_17_x86_64.manylinux2014_x86_64.whl.metadata (6.6 kB)
2026-10-02T07:31:49.9310854Z Collecting charset_normalizer<4,>=2 (from requests>=2.32.2->datasets>=3.0->kev==0.1.0)
2026-10-02T07:31:49.9398580Z   Downloading charset_normalizer-3.5.1-cp313-cp313-manylinux2014_x86_64.manylinux_2_17_x86_64.manylinux_2_28_x86_64.whl.metadata (45 kB)
2026-10-02T07:31:49.9606404Z Collecting urllib3<3,>=1.26 (from requests>=2.32.2->datasets>=3.0->kev==0.1.0)
2026-10-02T07:31:49.9681158Z   Downloading urllib3-2.8.0-py3-none-any.whl.metadata (7.4 kB)
2026-10-02T07:31:50.0932774Z Collecting scipy>=1.10.0 (from scikit-learn>=1.9.1->kev==0.1.0)
2026-10-02T07:31:50.1007200Z   Downloading scipy-1.18.1-cp313-cp313-manylinux_2_27_x86_64.manylinux_2_28_x86_64.whl.metadata (62 kB)
2026-10-02T07:31:50.1303506Z Collecting joblib>=1.4.0 (from scikit-learn>=1.9.1->kev==0.1.0)
2026-10-02T07:31:50.1376621Z   Downloading joblib-1.6.0-py3-none-any.whl.metadata (6.5 kB)
2026-10-02T07:31:50.1676137Z Collecting narwhals>=2.0.1 (from scikit-learn>=1.9.1->kev==0.1.0)
2026-10-02T07:31:50.1754614Z   Downloading narwhals-2.26.0-py3-none-any.whl.metadata (15 kB)
2026-10-02T07:31:50.1882773Z Collecting threadpoolctl>=3.5.0 (from scikit-learn>=1.9.1->kev==0.1.0)
2026-10-02T07:31:50.1954125Z   Downloading threadpoolctl-3.7.0-py3-none-any.whl.metadata (24 kB)
2026-10-02T07:31:50.2103331Z Collecting cloudpickle>=3.0 (from joblib>=1.4.0->scikit-learn>=1.9.1->kev==0.1.0)
2026-10-02T07:31:50.2175800Z   Downloading cloudpickle-3.1.2-py3-none-any.whl.metadata (7.1 kB)
2026-10-02T07:31:50.2267659Z Requirement already satisfied: mpmath<1.4,>=1.1.0 in /home/runner/work/_temp/kev-env/lib/python3.13/site-packages (from sympy>=1.13.3->torch<2.9,>=2.6->kev==0.1.0) (1.3.0)
2026-10-02T07:31:50.2402599Z Collecting httpx2>=2.0.0 (from typesafe-sdk>=0.6.0->kev==0.1.0)
2026-10-02T07:31:50.2476012Z   Downloading httpx2-2.13.0-py3-none-any.whl.metadata (10 kB)
2026-10-02T07:31:50.3036179Z Collecting msgspec>=0.21.1 (from typesafe-sdk>=0.6.0->kev==0.1.0)
2026-10-02T07:31:50.3118517Z   Downloading msgspec-0.21.1-cp313-cp313-manylinux2014_x86_64.manylinux_2_17_x86_64.manylinux_2_28_x86_64.whl.metadata (5.8 kB)
2026-10-02T07:31:50.3257134Z Collecting tenacity>=9.0.0 (from typesafe-sdk>=0.6.0->kev==0.1.0)
2026-10-02T07:31:50.3329211Z   Downloading tenacity-9.1.4-py3-none-any.whl.metadata (1.2 kB)
2026-10-02T07:31:50.3460392Z Collecting httpcore2==2.13.0 (from httpx2>=2.0.0->typesafe-sdk>=0.6.0->kev==0.1.0)
2026-10-02T07:31:50.3533476Z   Downloading httpcore2-2.13.0-py3-none-any.whl.metadata (26 kB)
2026-10-02T07:31:50.3686992Z Collecting truststore>=0.10 (from httpx2>=2.0.0->typesafe-sdk>=0.6.0->kev==0.1.0)
2026-10-02T07:31:50.3762173Z   Downloading truststore-0.10.4-py3-none-any.whl.metadata (4.4 kB)
2026-10-02T07:31:50.3858699Z Requirement already satisfied: MarkupSafe>=2.0 in /home/runner/work/_temp/kev-env/lib/python3.13/site-packages (from jinja2->torch<2.9,>=2.6->kev==0.1.0) (3.0.3)
2026-10-02T07:31:50.4021622Z Collecting python-dateutil>=2.8.2 (from pandas->datasets>=3.0->kev==0.1.0)
2026-10-02T07:31:50.4092632Z   Downloading python_dateutil-2.9.0.post0-py2.py3-none-any.whl.metadata (8.4 kB)
2026-10-02T07:31:50.4221030Z Collecting six>=1.5 (from python-dateutil>=2.8.2->pandas->datasets>=3.0->kev==0.1.0)
2026-10-02T07:31:50.4291778Z   Downloading six-1.17.0-py2.py3-none-any.whl.metadata (1.7 kB)
2026-10-02T07:31:50.4443831Z Collecting shellingham>=1.3.0 (from typer->transformers<6,>=5.17->kev==0.1.0)
2026-10-02T07:31:50.4519009Z   Downloading shellingham-1.5.4-py2.py3-none-any.whl.metadata (3.5 kB)
2026-10-02T07:31:50.4781578Z Collecting rich>=13.8.0 (from typer->transformers<6,>=5.17->kev==0.1.0)
2026-10-02T07:31:50.4853900Z   Downloading rich-15.0.0-py3-none-any.whl.metadata (18 kB)
2026-10-02T07:31:50.5012523Z Collecting markdown-it-py>=2.2.0 (from rich>=13.8.0->typer->transformers<6,>=5.17->kev==0.1.0)
2026-10-02T07:31:50.5086248Z   Downloading markdown_it_py-4.2.0-py3-none-any.whl.metadata (7.4 kB)
2026-10-02T07:31:50.5274289Z Collecting pygments<3.0.0,>=2.13.0 (from rich>=13.8.0->typer->transformers<6,>=5.17->kev==0.1.0)
2026-10-02T07:31:50.5346292Z   Downloading pygments-2.21.0-py3-none-any.whl.metadata (2.5 kB)
2026-10-02T07:31:50.5460526Z Collecting mdurl~=0.1 (from markdown-it-py>=2.2.0->rich>=13.8.0->typer->transformers<6,>=5.17->kev==0.1.0)
2026-10-02T07:31:50.5530307Z   Downloading mdurl-0.1.2-py3-none-any.whl.metadata (1.6 kB)
2026-10-02T07:31:50.5675610Z Downloading transformers-5.17.0-py3-none-any.whl (12.3 MB)
2026-10-02T07:31:50.6503553Z    ━━━━━━━━━━━━━━━━━━━━━━━━━━━━━━━━━━━━━━━━ 12.3/12.3 MB 161.2 MB/s  0:00:00
2026-10-02T07:31:50.6577654Z Downloading huggingface_hub-1.32.0-py3-none-any.whl (842 kB)
2026-10-02T07:31:50.6608510Z    ━━━━━━━━━━━━━━━━━━━━━━━━━━━━━━━━━━━━━━━━ 842.9/842.9 kB 747.6 MB/s  0:00:00
2026-10-02T07:31:50.6681572Z Downloading click-8.5.0-py3-none-any.whl (125 kB)
2026-10-02T07:31:50.6754083Z Downloading hf_xet-1.6.0-cp38-abi3-manylinux2014_x86_64.manylinux_2_17_x86_64.whl (4.5 MB)
2026-10-02T07:31:50.6844646Z    ━━━━━━━━━━━━━━━━━━━━━━━━━━━━━━━━━━━━━━━━ 4.5/4.5 MB 629.2 MB/s  0:00:00
2026-10-02T07:31:50.6918274Z Downloading httpx-0.28.1-py3-none-any.whl (73 kB)
2026-10-02T07:31:50.6995763Z Downloading httpcore-1.0.9-py3-none-any.whl (78 kB)
2026-10-02T07:31:50.7068988Z Downloading tokenizers-0.23.2-cp310-abi3-manylinux_2_17_x86_64.manylinux2014_x86_64.whl (3.4 MB)
2026-10-02T07:31:50.7145591Z    ━━━━━━━━━━━━━━━━━━━━━━━━━━━━━━━━━━━━━━━━ 3.4/3.4 MB 591.0 MB/s  0:00:00
2026-10-02T07:31:50.7219190Z Downloading accelerate-1.15.0-py3-none-any.whl (394 kB)
2026-10-02T07:31:50.7321347Z Downloading datasets-5.0.1-py3-none-any.whl (559 kB)
2026-10-02T07:31:50.7347416Z    ━━━━━━━━━━━━━━━━━━━━━━━━━━━━━━━━━━━━━━━━ 559.1/559.1 kB 672.1 MB/s  0:00:00
2026-10-02T07:31:50.7419916Z Downloading dill-0.4.1-py3-none-any.whl (120 kB)
2026-10-02T07:31:50.7492793Z Downloading fsspec-2026.6.0-py3-none-any.whl (203 kB)
2026-10-02T07:31:50.7565827Z Downloading multiprocess-0.70.19-py313-none-any.whl (156 kB)
2026-10-02T07:31:50.7639780Z Downloading aiohttp-3.14.3-cp313-cp313-manylinux2014_x86_64.manylinux_2_17_x86_64.manylinux_2_28_x86_64.whl (1.8 MB)
2026-10-02T07:31:50.7684075Z    ━━━━━━━━━━━━━━━━━━━━━━━━━━━━━━━━━━━━━━━━ 1.8/1.8 MB 706.8 MB/s  0:00:00
2026-10-02T07:31:50.7754987Z Downloading multidict-6.8.0-cp313-cp313-manylinux2014_x86_64.manylinux_2_17_x86_64.manylinux_2_28_x86_64.whl (287 kB)
2026-10-02T07:31:50.7845040Z Downloading yarl-1.25.1-cp313-cp313-manylinux2014_x86_64.manylinux_2_17_x86_64.manylinux_2_28_x86_64.whl (117 kB)
2026-10-02T07:31:50.7921988Z Downloading aiohappyeyeballs-2.7.1-py3-none-any.whl (15 kB)
2026-10-02T07:31:50.7993116Z Downloading aiosignal-1.4.0-py3-none-any.whl (7.5 kB)
2026-10-02T07:31:50.8075479Z Downloading attrs-26.1.0-py3-none-any.whl (67 kB)
2026-10-02T07:31:50.8147937Z Downloading fastapi-0.141.1-py3-none-any.whl (131 kB)
2026-10-02T07:31:50.8221756Z Downloading annotated_doc-0.0.5-py3-none-any.whl (5.3 kB)
2026-10-02T07:31:50.8295843Z Downloading filelock-4.0.0-py3-none-any.whl (106 kB)
2026-10-02T07:31:50.8377350Z Downloading frozenlist-1.8.0-cp313-cp313-manylinux1_x86_64.manylinux_2_28_x86_64.manylinux_2_5_x86_64.whl (234 kB)
2026-10-02T07:31:50.8451812Z Downloading h11-0.16.0-py3-none-any.whl (37 kB)
2026-10-02T07:31:50.8526799Z Downloading idna-3.20-py3-none-any.whl (69 kB)
2026-10-02T07:31:50.8605244Z Downloading numpy-2.5.3-cp313-cp313-manylinux_2_27_x86_64.manylinux_2_28_x86_64.whl (16.7 MB)
2026-10-02T07:31:50.8895422Z    ━━━━━━━━━━━━━━━━━━━━━━━━━━━━━━━━━━━━━━━━ 16.7/16.7 MB 618.7 MB/s  0:00:00
2026-10-02T07:31:50.8970906Z Downloading packaging-26.3-py3-none-any.whl (129 kB)
2026-10-02T07:31:50.9057914Z Downloading peft-0.21.0-py3-none-any.whl (832 kB)
2026-10-02T07:31:50.9089185Z    ━━━━━━━━━━━━━━━━━━━━━━━━━━━━━━━━━━━━━━━━ 832.9/832.9 kB 577.7 MB/s  0:00:00
2026-10-02T07:31:50.9160771Z Downloading propcache-0.5.4-cp313-cp313-manylinux2014_x86_64.manylinux_2_17_x86_64.manylinux_2_28_x86_64.whl (234 kB)
2026-10-02T07:31:50.9240723Z Downloading pyarrow-25.0.1-cp313-cp313-manylinux_2_28_x86_64.whl (50.1 MB)
2026-10-02T07:31:51.0739031Z    ━━━━━━━━━━━━━━━━━━━━━━━━━━━━━━━━━━━━━━━━ 50.1/50.1 MB 338.4 MB/s  0:00:00
2026-10-02T07:31:51.0814900Z Downloading pydantic-2.13.5-py3-none-any.whl (472 kB)
2026-10-02T07:31:51.0896641Z Downloading pydantic_core-2.46.5-cp313-cp313-manylinux_2_17_x86_64.manylinux2014_x86_64.whl (2.1 MB)
2026-10-02T07:31:51.0945388Z    ━━━━━━━━━━━━━━━━━━━━━━━━━━━━━━━━━━━━━━━━ 2.1/2.1 MB 736.6 MB/s  0:00:00
2026-10-02T07:31:51.1021716Z Downloading annotated_types-0.8.0-py3-none-any.whl (13 kB)
2026-10-02T07:31:51.1099154Z Downloading pyyaml-6.0.3-cp313-cp313-manylinux2014_x86_64.manylinux_2_17_x86_64.manylinux_2_28_x86_64.whl (801 kB)
2026-10-02T07:31:51.1129227Z    ━━━━━━━━━━━━━━━━━━━━━━━━━━━━━━━━━━━━━━━━ 801.6/801.6 kB 760.8 MB/s  0:00:00
2026-10-02T07:31:51.1199606Z Downloading regex-2026.9.10-cp313-cp313-manylinux2014_x86_64.manylinux_2_17_x86_64.manylinux_2_28_x86_64.whl (804 kB)
2026-10-02T07:31:51.1337443Z    ━━━━━━━━━━━━━━━━━━━━━━━━━━━━━━━━━━━━━━━━ 804.6/804.6 kB 67.3 MB/s  0:00:00
2026-10-02T07:31:51.1425907Z Downloading requests-2.34.2-py3-none-any.whl (73 kB)
2026-10-02T07:31:51.1508617Z Downloading charset_normalizer-3.5.1-cp313-cp313-manylinux2014_x86_64.manylinux_2_17_x86_64.manylinux_2_28_x86_64.whl (250 kB)
2026-10-02T07:31:51.1583624Z Downloading urllib3-2.8.0-py3-none-any.whl (135 kB)
2026-10-02T07:31:51.1655151Z Downloading certifi-2026.7.22-py3-none-any.whl (136 kB)
2026-10-02T07:31:51.1740397Z Downloading safetensors-0.8.0-cp310-abi3-manylinux_2_17_x86_64.manylinux2014_x86_64.whl (516 kB)
2026-10-02T07:31:51.1832757Z Downloading scikit_learn-1.9.1-cp313-cp313-manylinux_2_27_x86_64.manylinux_2_28_x86_64.whl (9.1 MB)
2026-10-02T07:31:51.2240868Z    ━━━━━━━━━━━━━━━━━━━━━━━━━━━━━━━━━━━━━━━━ 9.1/9.1 MB 230.6 MB/s  0:00:00
2026-10-02T07:31:51.2317239Z Downloading joblib-1.6.0-py3-none-any.whl (306 kB)
2026-10-02T07:31:51.2393664Z Downloading cloudpickle-3.1.2-py3-none-any.whl (22 kB)
2026-10-02T07:31:51.2470424Z Downloading narwhals-2.26.0-py3-none-any.whl (474 kB)
2026-10-02T07:31:51.2548187Z Downloading scipy-1.18.1-cp313-cp313-manylinux_2_27_x86_64.manylinux_2_28_x86_64.whl (35.3 MB)
2026-10-02T07:31:51.3746752Z    ━━━━━━━━━━━━━━━━━━━━━━━━━━━━━━━━━━━━━━━━ 35.3/35.3 MB 300.0 MB/s  0:00:00
2026-10-02T07:31:51.3867819Z Downloading starlette-1.6.0-py3-none-any.whl (75 kB)
2026-10-02T07:31:51.3940234Z Downloading anyio-4.15.1-py3-none-any.whl (132 kB)
2026-10-02T07:31:51.4012994Z Downloading threadpoolctl-3.7.0-py3-none-any.whl (26 kB)
2026-10-02T07:31:51.4083266Z Downloading tqdm-4.70.1-py3-none-any.whl (80 kB)
2026-10-02T07:31:51.4161900Z Downloading typesafe_sdk-0.6.0-py3-none-any.whl (32 kB)
2026-10-02T07:31:51.4234264Z Downloading httpx2-2.13.0-py3-none-any.whl (95 kB)
2026-10-02T07:31:51.4308505Z Downloading httpcore2-2.13.0-py3-none-any.whl (83 kB)
2026-10-02T07:31:51.4381014Z Downloading msgspec-0.21.1-cp313-cp313-manylinux2014_x86_64.manylinux_2_17_x86_64.manylinux_2_28_x86_64.whl (225 kB)
2026-10-02T07:31:51.4466717Z Downloading tenacity-9.1.4-py3-none-any.whl (28 kB)
2026-10-02T07:31:51.4539883Z Downloading truststore-0.10.4-py3-none-any.whl (18 kB)
2026-10-02T07:31:51.4611604Z Downloading typing_inspection-0.4.4-py3-none-any.whl (14 kB)
2026-10-02T07:31:51.4683075Z Downloading uvicorn-0.53.0-py3-none-any.whl (87 kB)
2026-10-02T07:31:51.4765288Z Downloading pandas-3.0.5-cp313-cp313-manylinux_2_24_x86_64.manylinux_2_28_x86_64.whl (10.9 MB)
2026-10-02T07:31:51.5558776Z    ━━━━━━━━━━━━━━━━━━━━━━━━━━━━━━━━━━━━━━━━ 10.9/10.9 MB 147.5 MB/s  0:00:00
2026-10-02T07:31:51.5632027Z Downloading python_dateutil-2.9.0.post0-py2.py3-none-any.whl (229 kB)
2026-10-02T07:31:51.5708998Z Downloading six-1.17.0-py2.py3-none-any.whl (11 kB)
2026-10-02T07:31:51.5792570Z Downloading psutil-7.2.2-cp36-abi3-manylinux2010_x86_64.manylinux_2_12_x86_64.manylinux_2_28_x86_64.whl (155 kB)
2026-10-02T07:31:51.5869454Z Downloading setuptools-84.0.0-py3-none-any.whl (818 kB)
2026-10-02T07:31:51.5901491Z    ━━━━━━━━━━━━━━━━━━━━━━━━━━━━━━━━━━━━━━━━ 818.2/818.2 kB 731.3 MB/s  0:00:00
2026-10-02T07:31:51.5974304Z Downloading typer-0.27.2-py3-none-any.whl (123 kB)
2026-10-02T07:31:51.6057292Z Downloading rich-15.0.0-py3-none-any.whl (310 kB)
2026-10-02T07:31:51.6142111Z Downloading pygments-2.21.0-py3-none-any.whl (1.3 MB)
2026-10-02T07:31:51.6180706Z    ━━━━━━━━━━━━━━━━━━━━━━━━━━━━━━━━━━━━━━━━ 1.3/1.3 MB 773.8 MB/s  0:00:00
2026-10-02T07:31:51.6268484Z Downloading markdown_it_py-4.2.0-py3-none-any.whl (91 kB)
2026-10-02T07:31:51.6342558Z Downloading mdurl-0.1.2-py3-none-any.whl (10.0 kB)
2026-10-02T07:31:51.6414475Z Downloading shellingham-1.5.4-py2.py3-none-any.whl (9.8 kB)
2026-10-02T07:31:51.6487379Z Downloading xxhash-4.0.1-cp313-cp313-manylinux2014_x86_64.manylinux_2_17_x86_64.manylinux_2_28_x86_64.whl (268 kB)
2026-10-02T07:31:52.0416879Z Building wheels for collected packages: kev
2026-10-02T07:31:52.0426941Z   Building wheel for kev (pyproject.toml): started
2026-10-02T07:31:52.2968132Z   Building wheel for kev (pyproject.toml): finished with status 'done'
2026-10-02T07:31:52.2976334Z   Created wheel for kev: filename=kev-0.1.0-py3-none-any.whl size=183820 sha256=beb5c91b81c4fa9cf2388feb16ce32cac627d3b418ad0c1cdb75f4a4b3764685
2026-10-02T07:31:52.2978289Z   Stored in directory: /tmp/pip-ephem-wheel-cache-z7tl2v7g/wheels/88/45/e5/aa6c95c1448a8b81d4c406f288a6a2296b8b6a2805befcb745
2026-10-02T07:31:52.3009771Z Successfully built kev
2026-10-02T07:31:52.5127979Z Installing collected packages: xxhash, urllib3, typing-inspection, truststore, tqdm, threadpoolctl, tenacity, six, shellingham, setuptools, safetensors, regex, pyyaml, pygments, pydantic-core, pyarrow, psutil, propcache, packaging, numpy, narwhals, multidict, msgspec, mdurl, idna, hf-xet, h11, fsspec, frozenlist, filelock, dill, cloudpickle, click, charset_normalizer, certifi, attrs, annotated-types, annotated-doc, aiohappyeyeballs, yarl, uvicorn, scipy, requests, python-dateutil, pydantic, multiprocess, markdown-it-py, joblib, httpcore2, httpcore, anyio, aiosignal, starlette, scikit-learn, rich, pandas, httpx2, httpx, aiohttp, typesafe-sdk, typer, huggingface-hub, fastapi, tokenizers, datasets, accelerate, transformers, peft, kev
2026-10-02T07:31:52.7230781Z   Attempting uninstall: setuptools
2026-10-02T07:31:52.7264320Z     Found existing installation: setuptools 78.1.0
2026-10-02T07:31:52.7605187Z     Uninstalling setuptools-78.1.0:
2026-10-02T07:31:52.8385410Z       Successfully uninstalled setuptools-78.1.0
2026-10-02T07:31:58.3017730Z   Attempting uninstall: fsspec
2026-10-02T07:31:58.3057400Z     Found existing installation: fsspec 2026.7.0
2026-10-02T07:31:58.3111172Z     Uninstalling fsspec-2026.7.0:
2026-10-02T07:31:58.3122777Z       Successfully uninstalled fsspec-2026.7.0
2026-10-02T07:31:58.4913106Z   Attempting uninstall: filelock
2026-10-02T07:31:58.4952450Z     Found existing installation: filelock 3.32.3
2026-10-02T07:31:58.4982474Z     Uninstalling filelock-3.32.3:
2026-10-02T07:31:58.4991100Z       Successfully uninstalled filelock-3.32.3
2026-10-02T07:32:21.9052315Z 
2026-10-02T07:32:21.9128594Z Successfully installed accelerate-1.15.0 aiohappyeyeballs-2.7.1 aiohttp-3.14.3 aiosignal-1.4.0 annotated-doc-0.0.5 annotated-types-0.8.0 anyio-4.15.1 attrs-26.1.0 certifi-2026.7.22 charset_normalizer-3.5.1 click-8.5.0 cloudpickle-3.1.2 datasets-5.0.1 dill-0.4.1 fastapi-0.141.1 filelock-4.0.0 frozenlist-1.8.0 fsspec-2026.6.0 h11-0.16.0 hf-xet-1.6.0 httpcore-1.0.9 httpcore2-2.13.0 httpx-0.28.1 httpx2-2.13.0 huggingface-hub-1.32.0 idna-3.20 joblib-1.6.0 kev-0.1.0 markdown-it-py-4.2.0 mdurl-0.1.2 msgspec-0.21.1 multidict-6.8.0 multiprocess-0.70.19 narwhals-2.26.0 numpy-2.5.3 packaging-26.3 pandas-3.0.5 peft-0.21.0 propcache-0.5.4 psutil-7.2.2 pyarrow-25.0.1 pydantic-2.13.5 pydantic-core-2.46.5 pygments-2.21.0 python-dateutil-2.9.0.post0 pyyaml-6.0.3 regex-2026.9.10 requests-2.34.2 rich-15.0.0 safetensors-0.8.0 scikit-learn-1.9.1 scipy-1.18.1 setuptools-84.0.0 shellingham-1.5.4 six-1.17.0 starlette-1.6.0 tenacity-9.1.4 threadpoolctl-3.7.0 tokenizers-0.23.2 tqdm-4.70.1 transformers-5.17.0 truststore-0.10.4 typer-0.27.2 typesafe-sdk-0.6.0 typing-inspection-0.4.4 urllib3-2.8.0 uvicorn-0.53.0 xxhash-4.0.1 yarl-1.25.1
2026-10-02T07:32:22.3803371Z ##[group]Run actions/cache/restore@0057852bfaa89a56745cba8c7296529d2fc39830
2026-10-02T07:32:22.3803804Z with:
2026-10-02T07:32:22.3804016Z   path: ~/.cache/ramensops-kev
2026-10-02T07:32:22.3804459Z   key: ramensops-kev4b-b559c103da523707f604afcf752fb6bc90b77bf6e71a32a59d7c9e032d975f28
2026-10-02T07:32:22.3804929Z   enableCrossOsArchive: false
2026-10-02T07:32:22.3805183Z   fail-on-cache-miss: false
2026-10-02T07:32:22.3805415Z   lookup-only: false
2026-10-02T07:32:22.3805623Z env:
2026-10-02T07:32:22.3805868Z   pythonLocation: /opt/hostedtoolcache/Python/3.13.15/x64
2026-10-02T07:32:22.3806307Z   PKG_CONFIG_PATH: /opt/hostedtoolcache/Python/3.13.15/x64/lib/pkgconfig
2026-10-02T07:32:22.3806770Z   Python_ROOT_DIR: /opt/hostedtoolcache/Python/3.13.15/x64
2026-10-02T07:32:22.3807160Z   Python2_ROOT_DIR: /opt/hostedtoolcache/Python/3.13.15/x64
2026-10-02T07:32:22.3807544Z   Python3_ROOT_DIR: /opt/hostedtoolcache/Python/3.13.15/x64
2026-10-02T07:32:22.3808004Z   LD_LIBRARY_PATH: /opt/hostedtoolcache/Python/3.13.15/x64/lib
2026-10-02T07:32:22.3808328Z ##[endgroup]
2026-10-02T07:32:22.4914202Z (node:2581) [DEP0040] DeprecationWarning: The `punycode` module is deprecated. Please use a userland alternative instead.
2026-10-02T07:32:22.4915031Z (Use `node --trace-deprecation ...` to show where the warning was created)
2026-10-02T07:32:22.5584159Z Cache not found for input keys: ramensops-kev4b-b559c103da523707f604afcf752fb6bc90b77bf6e71a32a59d7c9e032d975f28
2026-10-02T07:32:22.5684030Z ##[group]Run $RUNNER_TEMP/kev-env/bin/python ci/kev_download.py
2026-10-02T07:32:22.5684556Z [36;1m$RUNNER_TEMP/kev-env/bin/python ci/kev_download.py[0m
2026-10-02T07:32:22.5748561Z shell: /usr/bin/bash -e {0}
2026-10-02T07:32:22.5748818Z env:
2026-10-02T07:32:22.5749088Z   pythonLocation: /opt/hostedtoolcache/Python/3.13.15/x64
2026-10-02T07:32:22.5749544Z   PKG_CONFIG_PATH: /opt/hostedtoolcache/Python/3.13.15/x64/lib/pkgconfig
2026-10-02T07:32:22.5750005Z   Python_ROOT_DIR: /opt/hostedtoolcache/Python/3.13.15/x64
2026-10-02T07:32:22.5750392Z   Python2_ROOT_DIR: /opt/hostedtoolcache/Python/3.13.15/x64
2026-10-02T07:32:22.5750782Z   Python3_ROOT_DIR: /opt/hostedtoolcache/Python/3.13.15/x64
2026-10-02T07:32:22.5751517Z   LD_LIBRARY_PATH: /opt/hostedtoolcache/Python/3.13.15/x64/lib
2026-10-02T07:32:22.5751885Z   HF_HOME: /home/runner/.cache/ramensops-kev
2026-10-02T07:32:22.5752168Z ##[endgroup]
2026-10-02T07:32:23.4846129Z 
2026-10-02T07:32:23.5287938Z Fetching 13 files:   0%|          | 0/13 [00:00<?, ?it/s]Warning: You are sending unauthenticated requests to the HF Hub. Please set a HF_TOKEN to enable higher rate limits and faster downloads.
2026-10-02T07:32:23.5969364Z 
2026-10-02T07:32:24.1004954Z Fetching 13 files:  38%|███▊      | 5/13 [00:00<00:00, 44.57it/s]
2026-10-02T07:32:24.8752308Z Fetching 13 files:  85%|████████▍ | 11/13 [00:00<00:00, 16.32it/s]
2026-10-02T07:32:24.8752916Z Fetching 13 files: 100%|██████████| 13/13 [00:01<00:00,  9.35it/s]
2026-10-02T07:32:25.0619479Z 
2026-10-02T07:32:25.1953879Z Fetching 10 files:   0%|          | 0/10 [00:00<?, ?it/s]
2026-10-02T07:32:43.4858719Z Fetching 10 files:  70%|███████   | 7/10 [00:00<00:00, 52.53it/s]
2026-10-02T07:32:47.1367246Z Fetching 10 files:  80%|████████  | 8/10 [00:18<00:00, 52.53it/s]
2026-10-02T07:32:50.9835276Z Fetching 10 files:  90%|█████████ | 9/10 [00:22<00:03,  3.19s/it]
2026-10-02T07:32:50.9842017Z Fetching 10 files: 100%|██████████| 10/10 [00:25<00:00,  3.31s/it]
2026-10-02T07:32:50.9843006Z Fetching 10 files: 100%|██████████| 10/10 [00:25<00:00,  2.59s/it]
2026-10-02T07:32:57.5018840Z Verified model cache bytes: 9502866657
2026-10-02T07:32:57.5568628Z ##[group]Run set -euo pipefail
2026-10-02T07:32:57.5568974Z [36;1mset -euo pipefail[0m
2026-10-02T07:32:57.5569580Z [36;1m/usr/bin/time -v "$RUNNER_TEMP/kev-env/bin/python" ci/kev_server.py > "$RUNNER_TEMP/kev-server.log" 2> "$RUNNER_TEMP/kev-resource.log" &[0m
2026-10-02T07:32:57.5570213Z [36;1mkev_process=$![0m
2026-10-02T07:32:57.5570479Z [36;1m(while true; do[0m
2026-10-02T07:32:57.5570703Z [36;1m  date -u[0m
2026-10-02T07:32:57.5570912Z [36;1m  free -m[0m
2026-10-02T07:32:57.5571627Z [36;1m  ps -eo pid,ppid,rss,pcpu,etime,comm --sort=-rss | head -10[0m
2026-10-02T07:32:57.5572118Z [36;1m  vmstat 1 2[0m
2026-10-02T07:32:57.5572337Z [36;1m  sleep 30[0m
2026-10-02T07:32:57.5572591Z [36;1mdone) > "$RUNNER_TEMP/kev-monitor.log" 2>&1 &[0m
2026-10-02T07:32:57.5572909Z [36;1mmonitor_process=$![0m
2026-10-02T07:32:57.5573242Z [36;1mtrap 'kill "$kev_process" "$monitor_process" || true' EXIT[0m
2026-10-02T07:32:57.5573679Z [36;1mecho "$kev_process" > "$RUNNER_TEMP/kev.pid"[0m
2026-10-02T07:32:57.5573999Z [36;1mpython ci/kev_ready.py[0m
2026-10-02T07:32:57.5574264Z [36;1mpython ci/kev_long_context.py[0m
2026-10-02T07:32:57.5574577Z [36;1mps -eo pid,rss,comm --sort=-rss | head -8[0m
2026-10-02T07:32:57.5693953Z shell: /usr/bin/bash -e {0}
2026-10-02T07:32:57.5694228Z env:
2026-10-02T07:32:57.5694537Z   pythonLocation: /opt/hostedtoolcache/Python/3.13.15/x64
2026-10-02T07:32:57.5695034Z   PKG_CONFIG_PATH: /opt/hostedtoolcache/Python/3.13.15/x64/lib/pkgconfig
2026-10-02T07:32:57.5695517Z   Python_ROOT_DIR: /opt/hostedtoolcache/Python/3.13.15/x64
2026-10-02T07:32:57.5695953Z   Python2_ROOT_DIR: /opt/hostedtoolcache/Python/3.13.15/x64
2026-10-02T07:32:57.5696387Z   Python3_ROOT_DIR: /opt/hostedtoolcache/Python/3.13.15/x64
2026-10-02T07:32:57.5696818Z   LD_LIBRARY_PATH: /opt/hostedtoolcache/Python/3.13.15/x64/lib
2026-10-02T07:32:57.5697212Z   HF_HOME: /home/runner/.cache/ramensops-kev
2026-10-02T07:32:57.5697527Z   OMP_NUM_THREADS: 4
2026-10-02T07:32:57.5697763Z   MKL_NUM_THREADS: 4
2026-10-02T07:32:57.5697994Z   KEV_PREFIX_CACHE: 1
2026-10-02T07:32:57.5698225Z ##[endgroup]
2026-10-02T07:33:17.6786991Z Pinned Kev-4B CPU service ready
2026-10-02T07:33:17.7583286Z Starting single JSONL quality request; deadline=1200 seconds
2026-10-02T07:42:50.6071346Z Server metrics: {"model": "kev-latest", "usage": {"input_tokens": 2460, "output_tokens": 121}, "latency_ms": 572819.7}
2026-10-02T07:42:50.6075296Z Quality result: {"scores": {"meaningful": 0.7701, "general": 0.7202, "implementation_matches_description": 0.7209, "tests_cover_normal_and_edge": 0.7551, "safe_with_declared_permissions": 0.7295}, "model": "kev-latest", "backend": "kev", "approved": true, "criteria": {"meaningful": true, "general": true, "implementation_matches_description": true, "tests_cover_normal_and_edge": true, "safe_with_declared_permissions": true}, "reason": "Kev typed quality review requires all five criteria at or above 0.70. This threshold is an initial policy, not a security guarantee."}
2026-10-02T07:42:50.6078797Z Elapsed seconds: 572.85
2026-10-02T07:42:50.6268654Z     PID   RSS COMMAND
2026-10-02T07:42:50.6269170Z    2699 8086256 python
2026-10-02T07:42:50.6269601Z    2092 133008 provjobd2089059
2026-10-02T07:42:50.6269995Z    2145 119732 Runner.Worker
2026-10-02T07:42:50.6270324Z    2126 90076 Runner.Listener
2026-10-02T07:42:50.6271313Z    1250 70864 dockerd
2026-10-02T07:42:50.6288136Z    1014 50336 php-fpm8.3
2026-10-02T07:42:50.6288555Z    1130 45820 containerd
2026-10-02T07:42:50.6373953Z ##[group]Run actions/upload-artifact@ea165f8d65b6e75b540449e92b4886f43607fa02
2026-10-02T07:42:50.6374381Z with:
2026-10-02T07:42:50.6374593Z   name: kev-context-diagnostics
2026-10-02T07:42:50.6375161Z   path: /home/runner/work/_temp/kev-server.log
/home/runner/work/_temp/kev-resource.log
/home/runner/work/_temp/kev-monitor.log

2026-10-02T07:42:50.6375724Z   retention-days: 7
2026-10-02T07:42:50.6375938Z   if-no-files-found: warn
2026-10-02T07:42:50.6376173Z   compression-level: 6
2026-10-02T07:42:50.6376394Z   overwrite: false
2026-10-02T07:42:50.6376606Z   include-hidden-files: false
2026-10-02T07:42:50.6376841Z env:
2026-10-02T07:42:50.6377090Z   pythonLocation: /opt/hostedtoolcache/Python/3.13.15/x64
2026-10-02T07:42:50.6377516Z   PKG_CONFIG_PATH: /opt/hostedtoolcache/Python/3.13.15/x64/lib/pkgconfig
2026-10-02T07:42:50.6377941Z   Python_ROOT_DIR: /opt/hostedtoolcache/Python/3.13.15/x64
2026-10-02T07:42:50.6378338Z   Python2_ROOT_DIR: /opt/hostedtoolcache/Python/3.13.15/x64
2026-10-02T07:42:50.6378749Z   Python3_ROOT_DIR: /opt/hostedtoolcache/Python/3.13.15/x64
2026-10-02T07:42:50.6379156Z   LD_LIBRARY_PATH: /opt/hostedtoolcache/Python/3.13.15/x64/lib
2026-10-02T07:42:50.6379480Z ##[endgroup]
2026-10-02T07:42:50.9499678Z (node:3041) [DEP0040] DeprecationWarning: The `punycode` module is deprecated. Please use a userland alternative instead.
2026-10-02T07:42:50.9501011Z (Use `node --trace-deprecation ...` to show where the warning was created)
2026-10-02T07:42:50.9566511Z Multiple search paths detected. Calculating the least common ancestor of all paths
2026-10-02T07:42:50.9576414Z The least common ancestor is /home/runner/work/_temp. This will be the root directory of the artifact
2026-10-02T07:42:50.9578325Z With the provided path, there will be 3 files uploaded
2026-10-02T07:42:50.9579357Z Artifact name is valid!
2026-10-02T07:42:50.9580028Z Root directory input is valid!
2026-10-02T07:42:51.1760181Z Beginning upload of artifact content to blob storage
2026-10-02T07:42:51.2020114Z (node:3041) [DEP0169] DeprecationWarning: `url.parse()` behavior is not standardized and prone to errors that have security implications. Use the WHATWG URL API instead. CVEs are not issued for `url.parse()` vulnerabilities.
2026-10-02T07:42:51.2522082Z Uploaded bytes 4173
2026-10-02T07:42:51.2715757Z Finished uploading artifact content to blob storage!
2026-10-02T07:42:51.2716793Z SHA256 digest of uploaded artifact zip is a8ea7447fe87e4ebfd6d0a32d3f46c26863e7e544900fd28acf5681cb4de5e06
2026-10-02T07:42:51.2719145Z Finalizing artifact upload
2026-10-02T07:42:51.4943151Z Artifact kev-context-diagnostics.zip successfully finalized. Artifact ID 11214353568
2026-10-02T07:42:51.4944553Z Artifact kev-context-diagnostics has been successfully uploaded! Final size is 4173 bytes. Artifact ID is 11214353568
2026-10-02T07:42:51.4951029Z Artifact download URL: https://github.com/Prog-Ramen/RamenSOPs/actions/runs/36978973548/artifacts/11214353568
2026-10-02T07:42:51.5142588Z Post job cleanup.
2026-10-02T07:42:51.6443218Z (node:3055) [DEP0040] DeprecationWarning: The `punycode` module is deprecated. Please use a userland alternative instead.
2026-10-02T07:42:51.6444114Z (Use `node --trace-deprecation ...` to show where the warning was created)
2026-10-02T07:42:51.6619241Z Post job cleanup.
2026-10-02T07:42:51.7648593Z [command]/usr/bin/git version
2026-10-02T07:42:51.7707924Z git version 2.55.0
2026-10-02T07:42:51.7763972Z Temporarily overriding HOME='/home/runner/work/_temp/4aa9902d-37a0-4714-bc0b-a93b49149d92' before making global git config changes
2026-10-02T07:42:51.7765456Z Adding repository directory to the temporary git global config as a safe directory
2026-10-02T07:42:51.7772951Z [command]/usr/bin/git config --global --add safe.directory /home/runner/work/RamenSOPs/RamenSOPs
2026-10-02T07:42:51.7842000Z [command]/usr/bin/git config --local --name-only --get-regexp core\.sshCommand
2026-10-02T07:42:51.7879712Z [command]/usr/bin/git submodule foreach --recursive sh -c "git config --local --name-only --get-regexp 'core\.sshCommand' && git config --local --unset-all 'core.sshCommand' || :"
2026-10-02T07:42:51.8144121Z [command]/usr/bin/git config --local --name-only --get-regexp http\.https\:\/\/github\.com\/\.extraheader
2026-10-02T07:42:51.8182513Z [command]/usr/bin/git submodule foreach --recursive sh -c "git config --local --name-only --get-regexp 'http\.https\:\/\/github\.com\/\.extraheader' && git config --local --unset-all 'http.https://github.com/.extraheader' || :"
2026-10-02T07:42:51.8453304Z [command]/usr/bin/git config --local --name-only --get-regexp ^includeIf\.gitdir:
2026-10-02T07:42:51.8495749Z [command]/usr/bin/git submodule foreach --recursive git config --local --show-origin --name-only --get-regexp remote.origin.url
2026-10-02T07:42:51.8898602Z Cleaning up orphan processes
2026-10-02T07:42:51.9355258Z Terminate orphan process: pid (2699) (python)
2026-10-02T07:42:51.9397927Z Terminate orphan process: pid (3036) (sleep)
2026-10-02T07:42:51.9415684Z ##[warning]Node.js 20 is deprecated. The following actions target Node.js 20 but are being forced to run on Node.js 24: actions/cache/restore@0057852bfaa89a56745cba8c7296529d2fc39830, actions/checkout@11d5960a326750d5838078e36cf38b85af677262, actions/setup-python@a26af69be951a213d495a4c3e4e4022e16d87065, actions/upload-artifact@ea165f8d65b6e75b540449e92b4886f43607fa02. For more information see: https://github.blog/changelog/2025-09-19-deprecation-of-node-20-on-github-actions-runners/
