Fri Oct  2 07:32:57 UTC 2026
               total        used        free      shared  buff/cache   available
Mem:           15989        1071        2216          47       13094       14917
Swap:           3071           0        3071
    PID    PPID   RSS %CPU     ELAPSED COMMAND
   2145    2126 136456 3.3       01:50 Runner.Worker
   2092    2090 135440 0.8       01:52 provjobd2089059
   2126    2073 99008  1.1       01:51 Runner.Listener
   1250       1 70956  0.1       02:06 dockerd
   1014       1 51440  0.1       02:07 php-fpm8.3
   1130       1 45788  0.1       02:07 containerd
    224       1 43716  0.0       02:15 multipathd
   1432    1048 37220  0.6       02:06 python3
   1048       1 30904  0.2       02:07 python3
procs -----------memory---------- ---swap-- -----io---- -system-- -------cpu-------
 r  b   swpd   free   buff  cache   si   so    bi    bo   in   cs us sy id wa st gu
 2  0      0 2263896  87872 13321360    0    0  7629 115749 7075    9 23  7 62  8  0  0
 1  0      0 2151004  88040 13323396    0    0  1904   684 2034 1083 25  3 65  8  0  0
Fri Oct  2 07:33:28 UTC 2026
               total        used        free      shared  buff/cache   available
Mem:           15989        8767         567          47        7068        7222
Swap:           3071           0        3071
    PID    PPID   RSS %CPU     ELAPSED COMMAND
   2699    2692 8069064 146      00:31 python
   2092    2090 159360 0.8       02:23 provjobd2089059
   2145    2126 113284 2.8       02:21 Runner.Worker
   2126    2073 79376  0.9       02:22 Runner.Listener
   1250       1 70956  0.1       02:37 dockerd
   1014       1 51440  0.0       02:38 php-fpm8.3
   1130       1 45788  0.1       02:38 containerd
    224       1 43716  0.0       02:46 multipathd
   1432    1048 37220  0.5       02:37 python3
procs -----------memory---------- ---swap-- -----io---- -system-- -------cpu-------
 r  b   swpd   free   buff  cache   si   so    bi    bo   in   cs us sy id wa st gu
 2  0     64 580956  55492 7182644    0    0  6541 94545 6198    8 24  7 62  6  0  0
 2  0     64 511376  55492 7182788    0    0     0     0 2435  253 50  0 50  0  0  0
Fri Oct  2 07:33:59 UTC 2026
               total        used        free      shared  buff/cache   available
Mem:           15989        8840         707          47        6835        7149
Swap:           3071           0        3071
    PID    PPID   RSS %CPU     ELAPSED COMMAND
   2699    2692 8180032 126      01:02 python
   2092    2090 135336 0.7       02:54 provjobd2089059
   2145    2126 115912 2.3       02:52 Runner.Worker
   2126    2073 83452  0.7       02:53 Runner.Listener
   1250       1 70956  0.1       03:08 dockerd
   1014       1 51440  0.0       03:09 php-fpm8.3
   1130       1 45800  0.1       03:09 containerd
    224       1 43716  0.0       03:17 multipathd
   1432    1048 37224  0.4       03:08 python3
procs -----------memory---------- ---swap-- -----io---- -system-- -------cpu-------
 r  b   swpd   free   buff  cache   si   so    bi    bo   in   cs us sy id wa st gu
 1  0     64 723444  55252 6943856    0    0  5550 79906 5442    6 25  6 64  5  0  0
 1  0     64 723260  55252 6943872    0    0     0     0 1211  301 25  0 75  0  0  0
Fri Oct  2 07:34:30 UTC 2026
               total        used        free      shared  buff/cache   available
Mem:           15989        8858         687          47        6837        7130
Swap:           3071           0        3071
    PID    PPID   RSS %CPU     ELAPSED COMMAND
   2699    2692 8182380 133      01:33 python
   2092    2090 135764 0.6       03:25 provjobd2089059
   2145    2126 118420 2.0       03:23 Runner.Worker
   2126    2073 86352  0.6       03:24 Runner.Listener
   1250       1 70956  0.1       03:39 dockerd
   1014       1 51440  0.0       03:40 php-fpm8.3
   1130       1 45804  0.1       03:40 containerd
    224       1 43716  0.0       03:48 multipathd
   1432    1048 37224  0.3       03:39 python3
procs -----------memory---------- ---swap-- -----io---- -system-- -------cpu-------
 r  b   swpd   free   buff  cache   si   so    bi    bo   in   cs us sy id wa st gu
 1  0     64 704216  55260 6945972    0    0  4814 69175 4966    6 26  5 64  5  0  0
 1  0     64 704216  55260 6945976    0    0     0     0 1256  327 25  0 75  0  0  0
Fri Oct  2 07:35:01 UTC 2026
               total        used        free      shared  buff/cache   available
Mem:           15989        8868         677          47        6837        7120
Swap:           3071           0        3071
    PID    PPID   RSS %CPU     ELAPSED COMMAND
   2699    2692 8194668 125      02:04 python
   2092    2090 134500 0.6       03:56 provjobd2089059
   2145    2126 118380 1.8       03:54 Runner.Worker
   2126    2073 85980  0.5       03:56 Runner.Listener
   1250       1 70956  0.1       04:11 dockerd
   1014       1 51440  0.0       04:11 php-fpm8.3
   1130       1 45876  0.1       04:11 containerd
    224       1 43716  0.0       04:19 multipathd
   1432    1048 37228  0.3       04:10 python3
procs -----------memory---------- ---swap-- -----io---- -system-- -------cpu-------
 r  b   swpd   free   buff  cache   si   so    bi    bo   in   cs us sy id wa st gu
 1  0     64 693572  55272 6946420    0    0  4245 60985 4524    5 26  5 65  4  0  0
 1  0     64 693572  55272 6946420    0    0     0     0 1176  263 25  0 75  0  0  0
Fri Oct  2 07:35:32 UTC 2026
               total        used        free      shared  buff/cache   available
Mem:           15989        8870         676          47        6837        7119
Swap:           3071           0        3071
    PID    PPID   RSS %CPU     ELAPSED COMMAND
   2699    2692 8198284 129      02:35 python
   2092    2090 134512 0.5       04:27 provjobd2089059
   2145    2126 118380 1.6       04:25 Runner.Worker
   2126    2073 86352  0.5       04:27 Runner.Listener
   1250       1 70956  0.0       04:42 dockerd
   1014       1 51440  0.0       04:42 php-fpm8.3
   1130       1 45884  0.1       04:42 containerd
    224       1 43716  0.0       04:50 multipathd
   1432    1048 37228  0.3       04:41 python3
procs -----------memory---------- ---swap-- -----io---- -system-- -------cpu-------
 r  b   swpd   free   buff  cache   si   so    bi    bo   in   cs us sy id wa st gu
 1  0     64 692224  55280 6946700    0    0  3796 54537 4244    5 27  4 65  4  0  0
 1  0     64 692224  55280 6946700    0    0     0     0 1232  293 25  0 75  0  0  0
Fri Oct  2 07:36:03 UTC 2026
               total        used        free      shared  buff/cache   available
Mem:           15989        8889         648          47        6845        7099
Swap:           3071           0        3071
    PID    PPID   RSS %CPU     ELAPSED COMMAND
   2699    2692 8211176 124      03:06 python
   2092    2090 132476 0.5       04:58 provjobd2089059
   2145    2126 118508 1.5       04:56 Runner.Worker
   2126    2073 86352  0.4       04:58 Runner.Listener
   1250       1 71020  0.0       05:13 dockerd
   1014       1 51440  0.0       05:13 php-fpm8.3
   1130       1 45892  0.1       05:13 containerd
    224       1 43716  0.0       05:21 multipathd
   1432    1048 37376  0.3       05:12 python3
procs -----------memory---------- ---swap-- -----io---- -system-- -------cpu-------
 r  b   swpd   free   buff  cache   si   so    bi    bo   in   cs us sy id wa st gu
 1  0     64 663584  56176 6954064    0    0  3458 49316 3967    4 27  4 66  3  0  0
 1  0     64 663552  56176 6954080    0    0     0     4 1308  315 25  0 75  0  0  0
Fri Oct  2 07:36:34 UTC 2026
               total        used        free      shared  buff/cache   available
Mem:           15989        8887         762          47        6734        7102
Swap:           3071           0        3071
    PID    PPID   RSS %CPU     ELAPSED COMMAND
   2699    2692 8231292 127      03:37 python
   2092    2090 132904 0.5       05:29 provjobd2089059
   2145    2126 119196 1.3       05:27 Runner.Worker
   2126    2073 86752  0.4       05:29 Runner.Listener
   1250       1 71020  0.0       05:44 dockerd
   1014       1 51440  0.0       05:44 php-fpm8.3
   1130       1 45896  0.1       05:44 containerd
    224       1 43716  0.0       05:52 multipathd
   1432    1048 37376  0.2       05:43 python3
procs -----------memory---------- ---swap-- -----io---- -system-- -------cpu-------
 r  b   swpd   free   buff  cache   si   so    bi    bo   in   cs us sy id wa st gu
 1  0     64 780660  55632 6840516    0    0  3159 45016 3788    4 28  4 66  3  0  0
 1  0     64 782140  55632 6840520    0    0     0     0 1403  662 25  0 75  0  0  0
Fri Oct  2 07:37:05 UTC 2026
               total        used        free      shared  buff/cache   available
Mem:           15989        8895         754          47        6734        7094
Swap:           3071           0        3071
    PID    PPID   RSS %CPU     ELAPSED COMMAND
   2699    2692 8231292 124      04:08 python
   2092    2090 132904 0.4       06:00 provjobd2089059
   2145    2126 119196 1.2       05:58 Runner.Worker
   2126    2073 86752  0.4       06:00 Runner.Listener
   1250       1 71020  0.0       06:15 dockerd
   1014       1 51440  0.0       06:15 php-fpm8.3
   1130       1 45816  0.1       06:15 containerd
    224       1 43716  0.0       06:23 multipathd
   1432    1048 37376  0.2       06:14 python3
procs -----------memory---------- ---swap-- -----io---- -system-- -------cpu-------
 r  b   swpd   free   buff  cache   si   so    bi    bo   in   cs us sy id wa st gu
 1  0     64 772172  55644 6840480    0    0  2905 41399 3582    4 28  3 66  3  0  0
 1  0     64 772060  55644 6840480    0    0     0     0 1452  639 25  0 75  0  0  0
Fri Oct  2 07:37:36 UTC 2026
               total        used        free      shared  buff/cache   available
Mem:           15989        8914         734          48        6734        7075
Swap:           3071           0        3071
    PID    PPID   RSS %CPU     ELAPSED COMMAND
   2699    2692 8235484 127      04:39 python
   2092    2090 132908 0.4       06:31 provjobd2089059
   2145    2126 119168 1.2       06:29 Runner.Worker
   2126    2073 87216  0.3       06:31 Runner.Listener
   1250       1 71020  0.0       06:46 dockerd
   1014       1 51440  0.0       06:46 php-fpm8.3
   1130       1 45816  0.1       06:46 containerd
    224       1 43716  0.0       06:54 multipathd
   1432    1048 37376  0.2       06:45 python3
procs -----------memory---------- ---swap-- -----io---- -system-- -------cpu-------
 r  b   swpd   free   buff  cache   si   so    bi    bo   in   cs us sy id wa st gu
 1  0     64 751896  55652 6840888    0    0  2690 38322 3456    3 28  3 66  3  0  0
 1  0     64 751896  55652 6840892    0    0     0     0 1272  366 25  0 75  0  0  0
Fri Oct  2 07:38:07 UTC 2026
               total        used        free      shared  buff/cache   available
Mem:           15989        8920         728          48        6734        7069
Swap:           3071           0        3071
    PID    PPID   RSS %CPU     ELAPSED COMMAND
   2699    2692 8251040 124      05:10 python
   2092    2090 132908 0.4       07:02 provjobd2089059
   2145    2126 119180 1.1       07:00 Runner.Worker
   2126    2073 87384  0.3       07:02 Runner.Listener
   1250       1 71020  0.0       07:17 dockerd
   1014       1 51440  0.0       07:17 php-fpm8.3
   1130       1 45816  0.1       07:17 containerd
    224       1 43716  0.0       07:25 multipathd
   1432    1048 37380  0.2       07:16 python3
procs -----------memory---------- ---swap-- -----io---- -system-- -------cpu-------
 r  b   swpd   free   buff  cache   si   so    bi    bo   in   cs us sy id wa st gu
 1  0     64 746276  55660 6840972    0    0  2504 35671 3302    3 28  3 67  2  0  0
 1  0     64 746164  55660 6840972    0    0     0     0 1227  297 25  0 75  0  0  0
Fri Oct  2 07:38:38 UTC 2026
               total        used        free      shared  buff/cache   available
Mem:           15989        8907         741          48        6735        7082
Swap:           3071           0        3071
    PID    PPID   RSS %CPU     ELAPSED COMMAND
   2699    2692 8238792 126      05:41 python
   2092    2090 132908 0.4       07:33 provjobd2089059
   2145    2126 119176 1.0       07:31 Runner.Worker
   2126    2073 93844  0.3       07:33 Runner.Listener
   1250       1 71020  0.0       07:48 dockerd
   1014       1 51440  0.0       07:48 php-fpm8.3
   1130       1 45816  0.1       07:48 containerd
    224       1 43716  0.0       07:56 multipathd
   1432    1048 37380  0.2       07:47 python3
procs -----------memory---------- ---swap-- -----io---- -system-- -------cpu-------
 r  b   swpd   free   buff  cache   si   so    bi    bo   in   cs us sy id wa st gu
 1  0     64 758288  55668 6841896    0    0  2343 33361 3210    3 29  3 66  2  0  0
 1  0     64 758120  55668 6841896    0    0     0     0 1208  268 25  0 75  0  0  0
Fri Oct  2 07:39:09 UTC 2026
               total        used        free      shared  buff/cache   available
Mem:           15989        8922         718          48        6742        7067
Swap:           3071           0        3071
    PID    PPID   RSS %CPU     ELAPSED COMMAND
   2699    2692 8251080 124      06:12 python
   2092    2090 132908 0.4       08:04 provjobd2089059
   2145    2126 119212 1.0       08:02 Runner.Worker
   2126    2073 89548  0.3       08:04 Runner.Listener
   1250       1 71020  0.0       08:19 dockerd
   1014       1 51440  0.0       08:19 php-fpm8.3
   1130       1 45816  0.1       08:19 containerd
    224       1 43716  0.0       08:27 multipathd
   1432    1048 37380  0.2       08:18 python3
procs -----------memory---------- ---swap-- -----io---- -system-- -------cpu-------
 r  b   swpd   free   buff  cache   si   so    bi    bo   in   cs us sy id wa st gu
 1  0     64 737348  55844 6848812    0    0  2215 31333 3091    3 28  3 67  2  0  0
 1  0     64 737412  55844 6848812    0    0     0     0 1228  315 25  0 75  0  0  0
Fri Oct  2 07:39:40 UTC 2026
               total        used        free      shared  buff/cache   available
Mem:           15989        8934         823          48        6626        7055
Swap:           3071           0        3071
    PID    PPID   RSS %CPU     ELAPSED COMMAND
   2699    2692 8273740 126      06:43 python
   2092    2090 132916 0.4       08:35 provjobd2089059
   2145    2126 119212 0.9       08:33 Runner.Worker
   2126    2073 88516  0.3       08:35 Runner.Listener
   1250       1 71020  0.0       08:50 dockerd
   1014       1 51440  0.0       08:50 php-fpm8.3
   1130       1 45820  0.1       08:50 containerd
    224       1 43716  0.0       08:58 multipathd
   1432    1048 37380  0.2       08:49 python3
procs -----------memory---------- ---swap-- -----io---- -system-- -------cpu-------
 r  b   swpd   free   buff  cache   si   so    bi    bo   in   cs us sy id wa st gu
 1  0     64 843488  55552 6729996    0    0  2088 29541 3021    3 29  3 67  2  0  0
 1  0     64 843488  55552 6729996    0    0     0     4 1334  345 25  0 75  0  0  0
Fri Oct  2 07:40:11 UTC 2026
               total        used        free      shared  buff/cache   available
Mem:           15989        8940         814          48        6629        7049
Swap:           3071           0        3071
    PID    PPID   RSS %CPU     ELAPSED COMMAND
   2699    2692 8284108 124      07:14 python
   2092    2090 132916 0.4       09:06 provjobd2089059
   2145    2126 119212 0.9       09:04 Runner.Worker
   2126    2073 89528  0.3       09:06 Runner.Listener
   1250       1 71020  0.0       09:21 dockerd
   1014       1 51440  0.0       09:21 php-fpm8.3
   1130       1 45820  0.1       09:21 containerd
    224       1 43716  0.0       09:29 multipathd
   1432    1048 37380  0.2       09:20 python3
procs -----------memory---------- ---swap-- -----io---- -system-- -------cpu-------
 r  b   swpd   free   buff  cache   si   so    bi    bo   in   cs us sy id wa st gu
 1  0     64 834408  55700 6732796    0    0  1979 27939 2926    3 29  2 67  2  0  0
 1  0     64 834168  55700 6732796    0    0     0     0 1871 1745 25  2 73  0  0  0
Fri Oct  2 07:40:42 UTC 2026
               total        used        free      shared  buff/cache   available
Mem:           15989        8956         798          48        6629        7033
Swap:           3071           0        3071
    PID    PPID   RSS %CPU     ELAPSED COMMAND
   2699    2692 8285636 125      07:45 python
   2092    2090 132916 0.4       09:37 provjobd2089059
   2145    2126 119212 0.9       09:35 Runner.Worker
   2126    2073 89528  0.2       09:37 Runner.Listener
   1250       1 71020  0.0       09:52 dockerd
   1014       1 51440  0.0       09:52 php-fpm8.3
   1130       1 45820  0.1       09:52 containerd
    224       1 43716  0.0       10:00 multipathd
   1432    1048 37380  0.1       09:51 python3
procs -----------memory---------- ---swap-- -----io---- -system-- -------cpu-------
 r  b   swpd   free   buff  cache   si   so    bi    bo   in   cs us sy id wa st gu
 1  0     64 816968  55708 6732800    0    0  1878 26506 2873    2 29  2 67  2  0  0
 1  0     64 816800  55708 6732804    0    0     0     0 1205  278 25  0 75  0  0  0
Fri Oct  2 07:41:13 UTC 2026
               total        used        free      shared  buff/cache   available
Mem:           15989        8965         789          48        6629        7024
Swap:           3071           0        3071
    PID    PPID   RSS %CPU     ELAPSED COMMAND
   2699    2692 8285636 124      08:16 python
   2092    2090 132916 0.3       10:08 provjobd2089059
   2145    2126 121080 0.8       10:06 Runner.Worker
   2126    2073 90508  0.2       10:08 Runner.Listener
   1250       1 71024  0.0       10:23 dockerd
   1014       1 51440  0.0       10:23 php-fpm8.3
   1130       1 45820  0.1       10:23 containerd
    224       1 43716  0.0       10:31 multipathd
   1432    1048 37388  0.1       10:22 python3
procs -----------memory---------- ---swap-- -----io---- -system-- -------cpu-------
 r  b   swpd   free   buff  cache   si   so    bi    bo   in   cs us sy id wa st gu
 1  0     64 808608  55724 6732908    0    0  1786 25209 2794    2 29  2 67  2  0  0
 1  0     64 808608  55724 6732908    0    0     0     8 1232  302 25  0 75  0  0  0
Fri Oct  2 07:41:44 UTC 2026
               total        used        free      shared  buff/cache   available
Mem:           15989        9457         286          48        6640        6532
Swap:           3071           0        3071
    PID    PPID   RSS %CPU     ELAPSED COMMAND
   2699    2692 8802708 124      08:47 python
   2092    2090 132916 0.3       10:39 provjobd2089059
   2145    2126 119612 0.8       10:38 Runner.Worker
   2126    2073 90060  0.2       10:39 Runner.Listener
   1250       1 70864  0.0       10:54 dockerd
   1014       1 50848  0.0       10:54 php-fpm8.3
   1130       1 45820  0.1       10:54 containerd
    224       1 43716  0.0       11:02 multipathd
   1432    1048 37132  0.1       10:53 python3
procs -----------memory---------- ---swap-- -----io---- -system-- -------cpu-------
 r  b   swpd   free   buff  cache   si   so    bi    bo   in   cs us sy id wa st gu
 1  0     64 292924  55736 6744480    0    0  1720 24034 2744    2 29  2 67  2  0  0
 1  0     64 292868  55736 6744480    0    0     0     0 1207  270 25  0 75  0  0  0
Fri Oct  2 07:42:15 UTC 2026
               total        used        free      shared  buff/cache   available
Mem:           15989        9377         386          48        6636        6611
Swap:           3071           0        3071
    PID    PPID   RSS %CPU     ELAPSED COMMAND
   2699    2692 8716644 124      09:18 python
   2092    2090 132920 0.3       11:10 provjobd2089059
   2145    2126 119716 0.8       11:09 Runner.Worker
   2126    2073 90112  0.2       11:10 Runner.Listener
   1250       1 70864  0.0       11:25 dockerd
   1014       1 50848  0.0       11:25 php-fpm8.3
   1130       1 45820  0.1       11:25 containerd
    224       1 43716  0.0       11:33 multipathd
   1432    1048 37132  0.1       11:24 python3
procs -----------memory---------- ---swap-- -----io---- -system-- -------cpu-------
 r  b   swpd   free   buff  cache   si   so    bi    bo   in   cs us sy id wa st gu
 2  0     64 394060  55740 6740240    0    0  1643 22963 2690    2 29  2 67  2  0  0
 2  0     64 366208  55740 6740240    0    0     0     0 2673  937 48  2 50  0  0  0
Fri Oct  2 07:42:46 UTC 2026
               total        used        free      shared  buff/cache   available
Mem:           15989        9566         299          48        6517        6422
Swap:           3071           0        3071
    PID    PPID   RSS %CPU     ELAPSED COMMAND
   2699    2692 8915752 125      09:49 python
   2092    2090 133008 0.3       11:41 provjobd2089059
   2145    2126 119600 0.8       11:40 Runner.Worker
   2126    2073 90076  0.2       11:41 Runner.Listener
   1250       1 70864  0.0       11:56 dockerd
   1014       1 50336  0.0       11:57 php-fpm8.3
   1130       1 45820  0.1       11:56 containerd
    224       1 43716  0.0       12:04 multipathd
   1432    1048 37132  0.1       11:55 python3
procs -----------memory---------- ---swap-- -----io---- -system-- -------cpu-------
 r  b   swpd   free   buff  cache   si   so    bi    bo   in   cs us sy id wa st gu
 1  0     64 307928  55748 6618528    0    0  1573 21984 2644    2 29  2 67  1  0  0
 1  0     64 307908  55748 6618532    0    0     0     4 1323  379 25  0 75  0  0  0
