[bench] cleared 1 leftover /tmp entries of bench
[mc-flashar-mtp3-1-rameness-flashar-cap] start (context window 262144 x 1 slots)
----------------------------------------
Exception occurred during processing of request from ('127.0.0.1', 58864)
Traceback (most recent call last):
  File "/root/projects/Rameness/bench/llmproxy.py", line 303, in _relay
    resp = conn.getresponse()
  File "/usr/lib/python3.14/http/client.py", line 1459, in getresponse
    response.begin()
    ~~~~~~~~~~~~~~^^
  File "/usr/lib/python3.14/http/client.py", line 336, in begin
    version, status, reason = self._read_status()
                              ~~~~~~~~~~~~~~~~~^^
  File "/usr/lib/python3.14/http/client.py", line 305, in _read_status
    raise RemoteDisconnected("Remote end closed connection without"
                             " response")
http.client.RemoteDisconnected: Remote end closed connection without response

During handling of the above exception, another exception occurred:

Traceback (most recent call last):
  File "/usr/lib/python3.14/socketserver.py", line 697, in process_request_thread
    self.finish_request(request, client_address)
    ~~~~~~~~~~~~~~~~~~~^^^^^^^^^^^^^^^^^^^^^^^^^
  File "/usr/lib/python3.14/socketserver.py", line 362, in finish_request
    self.RequestHandlerClass(request, client_address, self)
    ~~~~~~~~~~~~~~~~~~~~~~~~^^^^^^^^^^^^^^^^^^^^^^^^^^^^^^^
  File "/usr/lib/python3.14/socketserver.py", line 766, in __init__
    self.handle()
    ~~~~~~~~~~~^^
  File "/usr/lib/python3.14/http/server.py", line 496, in handle
    self.handle_one_request()
    ~~~~~~~~~~~~~~~~~~~~~~~^^
  File "/usr/lib/python3.14/http/server.py", line 484, in handle_one_request
    method()
    ~~~~~~^^
  File "/root/projects/Rameness/bench/llmproxy.py", line 406, in do_POST
    self._forward("POST")
    ~~~~~~~~~~~~~^^^^^^^^
  File "/root/projects/Rameness/bench/llmproxy.py", line 273, in _forward
    self._relay(conn, method, path, body, headers, req, kind, t0)
    ~~~~~~~~~~~^^^^^^^^^^^^^^^^^^^^^^^^^^^^^^^^^^^^^^^^^^^^^^^^^^
  File "/root/projects/Rameness/bench/llmproxy.py", line 305, in _relay
    self.send_error(502, f"upstream: {e}")
    ~~~~~~~~~~~~~~~^^^^^^^^^^^^^^^^^^^^^^^
  File "/usr/lib/python3.14/http/server.py", line 551, in send_error
    self.wfile.write(body)
    ~~~~~~~~~~~~~~~~^^^^^^
  File "/usr/lib/python3.14/socketserver.py", line 845, in write
    self._sock.sendall(b)
    ~~~~~~~~~~~~~~~~~~^^^
BrokenPipeError: [Errno 32] Broken pipe
----------------------------------------
[mc-flashar-mtp3-1-rameness-flashar-cap] done in 150.0 min: score 64.3 (9/14), 575 requests, max context 245793/262144, compactions 4 (logged 4), TIMED OUT
results: /root/bench/results/minecraft/mc-flashar-mtp3-1/results.json
mc-flashar-mtp3-1-rameness-flashar-cap: overall 4.25  (The scene is very dark, as if at night, and shows blocky trees and grass with a hotbar and crosshair. The textures are murky, the geometry looks odd (slanted dirt faces, a huge trunk), and the hotbar slots are empty gray boxes.)
