[bench] cleared 25 leftover /tmp entries of bench
[mc-ninfer27-df7-1-rameness-ninfer27] start (context window 262144 x 1 slots, reasoning budget 5000)
----------------------------------------
Exception occurred during processing of request from ('127.0.0.1', 32768)
Traceback (most recent call last):
  File "/root/projects/Rameness/bench/llmproxy.py", line 306, in _relay
    resp = conn.getresponse()
  File "/usr/lib/python3.14/http/client.py", line 1459, in getresponse
    response.begin()
    ~~~~~~~~~~~~~~^^
  File "/usr/lib/python3.14/http/client.py", line 336, in begin
    version, status, reason = self._read_status()
                              ~~~~~~~~~~~~~~~~~^^
  File "/usr/lib/python3.14/http/client.py", line 305, in _read_status
    raise RemoteDisconnected("Remote end closed connection without"
                             " response")
http.client.RemoteDisconnected: Remote end closed connection without response

During handling of the above exception, another exception occurred:

Traceback (most recent call last):
  File "/usr/lib/python3.14/socketserver.py", line 697, in process_request_thread
    self.finish_request(request, client_address)
    ~~~~~~~~~~~~~~~~~~~^^^^^^^^^^^^^^^^^^^^^^^^^
  File "/usr/lib/python3.14/socketserver.py", line 362, in finish_request
    self.RequestHandlerClass(request, client_address, self)
    ~~~~~~~~~~~~~~~~~~~~~~~~^^^^^^^^^^^^^^^^^^^^^^^^^^^^^^^
  File "/usr/lib/python3.14/socketserver.py", line 766, in __init__
    self.handle()
    ~~~~~~~~~~~^^
  File "/usr/lib/python3.14/http/server.py", line 496, in handle
    self.handle_one_request()
    ~~~~~~~~~~~~~~~~~~~~~~~^^
  File "/usr/lib/python3.14/http/server.py", line 484, in handle_one_request
    method()
    ~~~~~~^^
  File "/root/projects/Rameness/bench/llmproxy.py", line 409, in do_POST
    self._forward("POST")
    ~~~~~~~~~~~~~^^^^^^^^
  File "/root/projects/Rameness/bench/llmproxy.py", line 276, in _forward
    self._relay(conn, method, path, body, headers, req, kind, t0)
    ~~~~~~~~~~~^^^^^^^^^^^^^^^^^^^^^^^^^^^^^^^^^^^^^^^^^^^^^^^^^^
  File "/root/projects/Rameness/bench/llmproxy.py", line 308, in _relay
    self.send_error(502, f"upstream: {e}")
    ~~~~~~~~~~~~~~~^^^^^^^^^^^^^^^^^^^^^^^
  File "/usr/lib/python3.14/http/server.py", line 551, in send_error
    self.wfile.write(body)
    ~~~~~~~~~~~~~~~~^^^^^^
  File "/usr/lib/python3.14/socketserver.py", line 845, in write
    self._sock.sendall(b)
    ~~~~~~~~~~~~~~~~~~^^^
BrokenPipeError: [Errno 32] Broken pipe
----------------------------------------
[mc-ninfer27-df7-1-rameness-ninfer27] done in 150.0 min: score 100.0 (14/14), 154 requests, max context 236487/262144, compactions 0 (logged 0), TIMED OUT
results: /root/bench/results/minecraft/mc-ninfer27-df7-1/results.json
mc-ninfer27-df7-1-rameness-ninfer27: overall 5.0  (Voxel forest with textured grass, logs and a hotbar, minimap and crosshair, but the oversized trunks and leaf blocks clip the camera, faces look broken or missing, and the sky shows through gaps. The terrain is flat and shows no water.)
